Component: Arm Compiler for Embedded 6.21 Tool: armlink [5ec1fa00]

==============================================================================

Section Cross References

    main.o(.text.main) refers to zf_common_clock.o(.text.clock_init) for clock_init
    main.o(.text.main) refers to zf_common_debug.o(.text.debug_init) for debug_init
    main.o(.text.main) refers to zf_device_hc595_8digit.o(.text.hc595_8digit_init) for hc595_8digit_init
    main.o(.text.main) refers to timer_config.o(.text.timer_config_init) for timer_config_init
    main.o(.text.main) refers to uart_config.o(.text.uart_config_init) for uart_config_init
    main.o(.text.main) refers to zf_driver_gpio.o(.text.gpio_init) for gpio_init
    main.o(.text.main) refers to seekfree_assistant.o(.text.seekfree_assistant_oscilloscope_config) for seekfree_assistant_oscilloscope_config
    main.o(.text.main) refers to seekfree_assistant_interface.o(.text.seekfree_assistant_interface_init) for seekfree_assistant_interface_init
    main.o(.text.main) refers to timer_config.o(.text.get_system_time_ms) for get_system_time_ms
    main.o(.text.main) refers to zf_device_hc595_8digit.o(.text.hc595_8digit_display) for hc595_8digit_display
    main.o(.text.main) refers to uart_config.o(.text.uart6_process_data) for uart6_process_data
    main.o(.text.main) refers to uart_config.o(.text.uart_printf) for uart_printf
    main.o(.text.main) refers to main.o(.bss.oscilloscope_obj) for oscilloscope_obj
    main.o(.text.main) refers to main.o(.bss.oscillocape_data) for oscillocape_data
    main.o(.text.main) refers to main.o(.bss.main.last_send_time) for [Anonymous Symbol]
    main.o(.text.main) refers to main.o(.rodata.str1.1) for [Anonymous Symbol]
    main.o(.text.main) refers to zf_device_hc595_8digit.o(.bss.hc595_8digit_buffer) for hc595_8digit_buffer
    main.o(.ARM.exidx.text.main) refers to main.o(.text.main) for [Anonymous Symbol]
    isr.o(.text.TIMA0_IRQHandler) refers to zf_driver_pit.o(.bss.pit_callback_list) for pit_callback_list
    isr.o(.text.TIMA0_IRQHandler) refers to zf_driver_pit.o(.data.pit_callback_ptr_list) for pit_callback_ptr_list
    isr.o(.ARM.exidx.text.TIMA0_IRQHandler) refers to isr.o(.text.TIMA0_IRQHandler) for [Anonymous Symbol]
    isr.o(.text.TIMA1_IRQHandler) refers to zf_driver_pit.o(.bss.pit_callback_list) for pit_callback_list
    isr.o(.text.TIMA1_IRQHandler) refers to zf_driver_pit.o(.data.pit_callback_ptr_list) for pit_callback_ptr_list
    isr.o(.ARM.exidx.text.TIMA1_IRQHandler) refers to isr.o(.text.TIMA1_IRQHandler) for [Anonymous Symbol]
    isr.o(.text.TIMG0_IRQHandler) refers to zf_driver_pit.o(.bss.pit_callback_list) for pit_callback_list
    isr.o(.text.TIMG0_IRQHandler) refers to zf_driver_pit.o(.data.pit_callback_ptr_list) for pit_callback_ptr_list
    isr.o(.ARM.exidx.text.TIMG0_IRQHandler) refers to isr.o(.text.TIMG0_IRQHandler) for [Anonymous Symbol]
    isr.o(.text.TIMG6_IRQHandler) refers to zf_driver_pit.o(.bss.pit_callback_list) for pit_callback_list
    isr.o(.text.TIMG6_IRQHandler) refers to zf_driver_pit.o(.data.pit_callback_ptr_list) for pit_callback_ptr_list
    isr.o(.ARM.exidx.text.TIMG6_IRQHandler) refers to isr.o(.text.TIMG6_IRQHandler) for [Anonymous Symbol]
    isr.o(.text.TIMG7_IRQHandler) refers to zf_driver_pit.o(.bss.pit_callback_list) for pit_callback_list
    isr.o(.text.TIMG7_IRQHandler) refers to zf_driver_pit.o(.data.pit_callback_ptr_list) for pit_callback_ptr_list
    isr.o(.ARM.exidx.text.TIMG7_IRQHandler) refers to isr.o(.text.TIMG7_IRQHandler) for [Anonymous Symbol]
    isr.o(.text.TIMG8_IRQHandler) refers to zf_driver_pit.o(.bss.pit_callback_list) for pit_callback_list
    isr.o(.text.TIMG8_IRQHandler) refers to zf_driver_pit.o(.data.pit_callback_ptr_list) for pit_callback_ptr_list
    isr.o(.ARM.exidx.text.TIMG8_IRQHandler) refers to isr.o(.text.TIMG8_IRQHandler) for [Anonymous Symbol]
    isr.o(.text.TIMG9_IRQHandler) refers to zf_driver_pit.o(.bss.pit_callback_list) for pit_callback_list
    isr.o(.text.TIMG9_IRQHandler) refers to zf_driver_pit.o(.data.pit_callback_ptr_list) for pit_callback_ptr_list
    isr.o(.ARM.exidx.text.TIMG9_IRQHandler) refers to isr.o(.text.TIMG9_IRQHandler) for [Anonymous Symbol]
    isr.o(.text.TIMG12_IRQHandler) refers to zf_driver_pit.o(.bss.pit_callback_list) for pit_callback_list
    isr.o(.text.TIMG12_IRQHandler) refers to zf_driver_pit.o(.data.pit_callback_ptr_list) for pit_callback_ptr_list
    isr.o(.ARM.exidx.text.TIMG12_IRQHandler) refers to isr.o(.text.TIMG12_IRQHandler) for [Anonymous Symbol]
    isr.o(.text.TIMG14_IRQHandler) refers to zf_driver_pit.o(.bss.pit_callback_list) for pit_callback_list
    isr.o(.text.TIMG14_IRQHandler) refers to zf_driver_pit.o(.data.pit_callback_ptr_list) for pit_callback_ptr_list
    isr.o(.ARM.exidx.text.TIMG14_IRQHandler) refers to isr.o(.text.TIMG14_IRQHandler) for [Anonymous Symbol]
    isr.o(.text.UART0_IRQHandler) refers to isr.o(.text.DL_UART_getPendingInterrupt) for DL_UART_getPendingInterrupt
[...]
    __use_two_region_memory                  0x000005ad   Thumb Code     2  heapauxi.o(.text)
    __rt_heap_escrow$2region                 0x000005af   Thumb Code     2  heapauxi.o(.text)
    __rt_heap_expand$2region                 0x000005b1   Thumb Code     2  heapauxi.o(.text)
    __aeabi_dadd                             0x000008ad   Thumb Code     0  daddsub.o(.text)
    _dadd                                    0x000008ad   Thumb Code    26  daddsub.o(.text)
    __aeabi_dsub                             0x000008c7   Thumb Code     0  daddsub.o(.text)
    _dsub                                    0x000008c7   Thumb Code    22  daddsub.o(.text)
    __aeabi_drsub                            0x000008dd   Thumb Code     0  daddsub.o(.text)
    _drsb                                    0x000008dd   Thumb Code    28  daddsub.o(.text)
    __aeabi_ddiv                             0x0000090d   Thumb Code     0  ddiv.o(.text)
    _ddiv                                    0x0000090d   Thumb Code  1072  ddiv.o(.text)
    _drdiv                                   0x00000d3d   Thumb Code    20  ddiv.o(.text)
    __aeabi_d2iz                             0x00000d55   Thumb Code     0  dfixi.o(.text)
    _dfix                                    0x00000d55   Thumb Code    98  dfixi.o(.text)
    __aeabi_i2d_normalise                    0x00000dc1   Thumb Code    66  dflti.o(.text)
    __aeabi_i2d                              0x00000e03   Thumb Code    16  dflti.o(.text)
    _dflt                                    0x00000e03   Thumb Code     0  dflti.o(.text)
    __aeabi_ui2d                             0x00000e13   Thumb Code     6  dflti.o(.text)
    _dfltu                                   0x00000e13   Thumb Code     0  dflti.o(.text)
    __aeabi_dmul                             0x00000e19   Thumb Code     0  dmul.o(.text)
    _dmul                                    0x00000e19   Thumb Code   558  dmul.o(.text)
    __aeabi_fdiv                             0x00001061   Thumb Code     0  fdiv.o(.text)
    _fdiv                                    0x00001061   Thumb Code   334  fdiv.o(.text)
    _frdiv                                   0x000011af   Thumb Code     8  fdiv.o(.text)
    __aeabi_i2f_normalise                    0x000011c1   Thumb Code    72  fflti.o(.text)
    __aeabi_i2f                              0x00001209   Thumb Code    16  fflti.o(.text)
    _fflt                                    0x00001209   Thumb Code     0  fflti.o(.text)
    __aeabi_ui2f                             0x00001219   Thumb Code     6  fflti.o(.text)
    _ffltu                                   0x00001219   Thumb Code     0  fflti.o(.text)
    _printf_pre_padding                      0x0000121f   Thumb Code    44  _printf_pad.o(.text)
    _printf_post_padding                     0x0000124b   Thumb Code    34  _printf_pad.o(.text)
    _printf_truncate_signed                  0x0000126d   Thumb Code    18  _printf_truncate.o(.text)
    _printf_truncate_unsigned                0x0000127f   Thumb Code    18  _printf_truncate.o(.text)
    _printf_str                              0x00001291   Thumb Code    82  _printf_str.o(.text)
    _printf_int_dec                          0x000012e5   Thumb Code    90  _printf_dec.o(.text)
    _printf_charcount                        0x00001351   Thumb Code    38  _printf_charcount.o(.text)
    _printf_char_common                      0x00001383   Thumb Code    32  _printf_char_common.o(.text)
    _sputc                                   0x000013a9   Thumb Code    10  _sputc.o(.text)
    _snputc                                  0x000013b3   Thumb Code    16  _snputc.o(.text)
    _printf_wctomb                           0x000013c5   Thumb Code   182  _printf_wctomb.o(.text)
    _printf_longlong_dec                     0x00001481   Thumb Code    94  _printf_longlong_dec.o(.text)
    _printf_longlong_oct                     0x000014f1   Thumb Code    68  _printf_oct_int_ll.o(.text)
    _printf_int_oct                          0x00001535   Thumb Code    24  _printf_oct_int_ll.o(.text)
    _printf_ll_oct                           0x0000154d   Thumb Code    10  _printf_oct_int_ll.o(.text)
    _printf_longlong_hex                     0x00001561   Thumb Code    88  _printf_hex_int_ll_ptr.o(.text)
    _printf_int_hex                          0x000015b9   Thumb Code    28  _printf_hex_int_ll_ptr.o(.text)
    _printf_ll_hex                           0x000015d5   Thumb Code    10  _printf_hex_int_ll_ptr.o(.text)
    _printf_hex_ptr                          0x000015df   Thumb Code    22  _printf_hex_int_ll_ptr.o(.text)
    __printf                                 0x000015f9   Thumb Code   386  __printf_flags_ss_wp.o(.text)
    _ll_udiv10                               0x00001781   Thumb Code   122  lludiv10.o(.text)
    _printf_int_common                       0x000017fb   Thumb Code   176  _printf_intcommon.o(.text)
    _printf_fp_dec_real                      0x00001a49   Thumb Code   620  _printf_fp_dec.o(.text)
    _printf_fp_hex_real                      0x00001cc1   Thumb Code   718  _printf_fp_hex.o(.text)
    _printf_cs_common                        0x00001f99   Thumb Code    22  _printf_char.o(.text)
    _printf_char                             0x00001faf   Thumb Code    16  _printf_char.o(.text)
    _printf_string                           0x00001fbf   Thumb Code     8  _printf_char.o(.text)
    _printf_lcs_common                       0x00001fc7   Thumb Code    22  _printf_wchar.o(.text)
    _printf_wchar                            0x00001fdd   Thumb Code    16  _printf_wchar.o(.text)
    _printf_wstring                          0x00001fed   Thumb Code     8  _printf_wchar.o(.text)
    _c16rtomb                                0x00001ff5   Thumb Code    66  _c16rtomb.o(.text)
    _wcrtomb                                 0x00001ff5   Thumb Code     0  _c16rtomb.o(.text)
    __rt_udiv10                              0x00002037   Thumb Code    40  rtudiv10.o(.text)
    __fpl_dcmp_InfNaN                        0x00002061   Thumb Code   154  dcmpin.o(.text)
    __fpl_fcmp_InfNaN                        0x00002101   Thumb Code    96  fcmpin.o(.text)
    __user_libspace                          0x00002165   Thumb Code     8  libspace.o(.text)
    __user_perproc_libspace                  0x00002165   Thumb Code     0  libspace.o(.text)
    __user_perthread_libspace                0x00002165   Thumb Code     0  libspace.o(.text)
    __user_setup_stackheap                   0x0000216d   Thumb Code    62  sys_stackheap_outer.o(.text)
    __rt_ctype_table                         0x000021ad   Thumb Code    16  rt_ctype_table.o(.text)
    __rt_locale                              0x000021bd   Thumb Code     8  rt_locale_intlibspace.o(.text)
    _printf_fp_infnan                        0x000021c5   Thumb Code   120  _printf_fp_infnan.o(.text)
    _btod_etento                             0x0000224d   Thumb Code   210  bigflt0.o(.text)
    _btod_d2e                                0x00002325   Thumb Code    64  btod.o(.text)
    _btod_emul                               0x00002759   Thumb Code    28  btod.o(.text)
    _btod_emuld                              0x00002775   Thumb Code   144  btod.o(.text)
    _btod_ediv                               0x00002805   Thumb Code    26  btod.o(.text)
    _btod_edivd                              0x0000281f   Thumb Code   124  btod.o(.text)
    exit                                     0x000028a5   Thumb Code    16  exit.o(.text)
    __fpl_cmpreturn                          0x000028b5   Thumb Code    46  cmpret.o(.text)
    __fpl_dcheck_NaN2                        0x000028e5   Thumb Code    14  dnan2.o(.text)
    __fpl_fcheck_NaN2                        0x000028f9   Thumb Code    10  fnan2.o(.text)
    strcmp                                   0x00002909   Thumb Code   132  strcmp.o(.text)
    __fpl_return_NaN                         0x00002991   Thumb Code    94  retnan.o(.text)
    __decompress                             0x000029ef   Thumb Code     0  __dczerorl2.o(.text)
    __decompress1                            0x000029ef   Thumb Code    86  __dczerorl2.o(.text)
    DL_Common_delayCycles                    0x00002a91   Thumb Code    20  dl_common.o(.text.DL_Common_delayCycles)
    DL_FactoryRegion_initTrimTable           0x00002b45   Thumb Code   104  dl_factoryregion.o(.text.DL_FactoryRegion_initTrimTable)
    DL_SYSCTL_configFCC                      0x00002c9d   Thumb Code    36  dl_sysctl_mspm0gx51x.o(.text.DL_SYSCTL_configFCC)
    DL_SYSCTL_configSYSPLL                   0x00002cc1   Thumb Code   224  dl_sysctl_mspm0gx51x.o(.text.DL_SYSCTL_configSYSPLL)
    DL_SYSCTL_setHFCLKSourceHFXTParams       0x00002ed9   Thumb Code   108  dl_sysctl_mspm0gx51x.o(.text.DL_SYSCTL_setHFCLKSourceHFXTParams)
    DL_SYSCTL_setLFCLKSourceLFXT             0x00002f95   Thumb Code    68  dl_sysctl_mspm0gx51x.o(.text.DL_SYSCTL_setLFCLKSourceLFXT)
    DL_SYSCTL_switchMCLKfromSYSOSCtoHSCLK    0x0000304d   Thumb Code    72  dl_sysctl_mspm0gx51x.o(.text.DL_SYSCTL_switchMCLKfromSYSOSCtoHSCLK)
    DL_UART_init                             0x000031ad   Thumb Code    68  dl_uart.o(.text.DL_UART_init)
    DL_UART_setClockConfig                   0x00003291   Thumb Code    32  dl_uart.o(.text.DL_UART_setClockConfig)
    DL_VREF_configReference                  0x000032e9   Thumb Code    48  dl_vref.o(.text.DL_VREF_configReference)
    GROUP1_IRQHandler                        0x00003371   Thumb Code   252  isr.o(.text.GROUP1_IRQHandler)
    SYSCFG_DL_GPIO_init                      0x0000347d   Thumb Code    28  ti_msp_dl_config.o(.text.SYSCFG_DL_GPIO_init)
    SYSCFG_DL_SYSCTL_CLK_init                0x00003499   Thumb Code    24  ti_msp_dl_config.o(.text.SYSCFG_DL_SYSCTL_CLK_init)
    SYSCFG_DL_SYSCTL_SYSPLL_init             0x000034b5   Thumb Code   168  ti_msp_dl_config.o(.text.SYSCFG_DL_SYSCTL_SYSPLL_init)
    SYSCFG_DL_SYSCTL_init                    0x00003565   Thumb Code   140  ti_msp_dl_config.o(.text.SYSCFG_DL_SYSCTL_init)
    SYSCFG_DL_SYSTICK_init                   0x000035f9   Thumb Code    14  ti_msp_dl_config.o(.text.SYSCFG_DL_SYSTICK_init)
    SYSCFG_DL_VREF_init                      0x00003609   Thumb Code    12  ti_msp_dl_config.o(.text.SYSCFG_DL_VREF_init)
    SYSCFG_DL_init                           0x00003619   Thumb Code    28  ti_msp_dl_config.o(.text.SYSCFG_DL_init)
    SYSCFG_DL_initPower                      0x00003635   Thumb Code    56  ti_msp_dl_config.o(.text.SYSCFG_DL_initPower)
    TIMA0_IRQHandler                         0x00003679   Thumb Code    16  isr.o(.text.TIMA0_IRQHandler)
    TIMA1_IRQHandler                         0x00003689   Thumb Code    16  isr.o(.text.TIMA1_IRQHandler)
    TIMG0_IRQHandler                         0x00003699   Thumb Code    16  isr.o(.text.TIMG0_IRQHandler)
    TIMG12_IRQHandler                        0x000036a9   Thumb Code    16  isr.o(.text.TIMG12_IRQHandler)
    TIMG14_IRQHandler                        0x000036b9   Thumb Code    16  isr.o(.text.TIMG14_IRQHandler)
    TIMG6_IRQHandler                         0x000036c9   Thumb Code    16  isr.o(.text.TIMG6_IRQHandler)
    TIMG7_IRQHandler                         0x000036d9   Thumb Code    16  isr.o(.text.TIMG7_IRQHandler)
    TIMG8_IRQHandler                         0x000036e9   Thumb Code    16  isr.o(.text.TIMG8_IRQHandler)
    TIMG9_IRQHandler                         0x000036f9   Thumb Code    16  isr.o(.text.TIMG9_IRQHandler)
    UART0_IRQHandler                         0x00003711   Thumb Code    76  isr.o(.text.UART0_IRQHandler)
    UART1_IRQHandler                         0x00003765   Thumb Code    92  isr.o(.text.UART1_IRQHandler)
    UART3_IRQHandler                         0x000037c9   Thumb Code    72  isr.o(.text.UART3_IRQHandler)
    UART4_IRQHandler                         0x00003819   Thumb Code    72  isr.o(.text.UART4_IRQHandler)
    UART5_IRQHandler                         0x00003869   Thumb Code    72  isr.o(.text.UART5_IRQHandler)
    UART6_IRQHandler                         0x000038b9   Thumb Code    72  isr.o(.text.UART6_IRQHandler)
    UART7_IRQHandler                         0x00003909   Thumb Code    72  isr.o(.text.UART7_IRQHandler)
    _sys_exit                                0x00003ac1   Thumb Code     8  zf_common_debug.o(.text._sys_exit)
    afio_init                                0x00003ac9   Thumb Code   328  zf_driver_gpio.o(.text.afio_init)
    clock_init                               0x00003c21   Thumb Code    30  zf_common_clock.o(.text.clock_init)
    debug_assert_handler                     0x00003df9   Thumb Code    92  zf_common_debug.o(.text.debug_assert_handler)
    debug_init                               0x00003ea1   Thumb Code    68  zf_common_debug.o(.text.debug_init)
    debug_interrupr_handler                  0x00003ef9   Thumb Code    28  zf_common_debug.o(.text.debug_interrupr_handler)
    debug_output_init                        0x00004261   Thumb Code    64  zf_common_debug.o(.text.debug_output_init)
    debug_output_struct_init                 0x000042a9   Thumb Code    48  zf_common_debug.o(.text.debug_output_struct_init)
    debug_read_ring_buffer                   0x000042e1   Thumb Code    28  zf_common_debug.o(.text.debug_read_ring_buffer)
    debug_send_buffer                        0x00004301   Thumb Code    26  zf_common_debug.o(.text.debug_send_buffer)
    fifo_init                                0x00004489   Thumb Code   136  zf_common_fifo.o(.text.fifo_init)
    fifo_read_buffer                         0x00004515   Thumb Code   892  zf_common_fifo.o(.text.fifo_read_buffer)
    fifo_used                                0x00004895   Thumb Code    68  zf_common_fifo.o(.text.fifo_used)
    fifo_write_buffer                        0x000048dd   Thumb Code   932  zf_common_fifo.o(.text.fifo_write_buffer)
    get_system_time_ms                       0x00004c85   Thumb Code     8  timer_config.o(.text.get_system_time_ms)
    gpio_get_level                           0x00004c91   Thumb Code    52  zf_driver_gpio.o(.text.gpio_get_level)
    gpio_init                                0x00004cc5   Thumb Code   424  zf_driver_gpio.o(.text.gpio_init)
    gpio_set_a0_a1_output                    0x00004e8d   Thumb Code    38  zf_driver_gpio.o(.text.gpio_set_a0_a1_output)
    gpio_set_level                           0x00004eb5   Thumb Code   100  zf_driver_gpio.o(.text.gpio_set_level)
    hc595_8digit_display                     0x00004f19   Thumb Code   132  zf_device_hc595_8digit.o(.text.hc595_8digit_display)
    hc595_8digit_init                        0x00004fa1   Thumb Code   112  zf_device_hc595_8digit.o(.text.hc595_8digit_init)
    interrupt_disable                        0x00005131   Thumb Code    22  zf_common_interrupt.o(.text.interrupt_disable)
    interrupt_enable                         0x00005147   Thumb Code    22  zf_common_interrupt.o(.text.interrupt_enable)
    interrupt_global_disable                 0x0000515d   Thumb Code    28  zf_common_interrupt.o(.text.interrupt_global_disable)
    interrupt_init                           0x0000517d   Thumb Code     2  zf_common_interrupt.o(.text.interrupt_init)
    interrupt_set_priority                   0x0000517f   Thumb Code    30  zf_common_interrupt.o(.text.interrupt_set_priority)
    jy901_init                               0x0000519d   Thumb Code   164  jy901.o(.text.jy901_init)
    jy901_rx_callback                        0x00005285   Thumb Code   396  jy901.o(.text.jy901_rx_callback)
    main                                     0x00005415   Thumb Code   176  main.o(.text.main)
    pit_enable                               0x000054e5   Thumb Code    32  zf_driver_pit.o(.text.pit_enable)
    pit_ms_init                              0x00005505   Thumb Code   116  zf_driver_pit.o(.text.pit_ms_init)
    pit_us_init                              0x0000566d   Thumb Code   284  zf_driver_pit.o(.text.pit_us_init)
    seekfree_assistant_interface_init        0x000057b9   Thumb Code    96  seekfree_assistant_interface.o(.text.seekfree_assistant_interface_init)
    seekfree_assistant_oscilloscope_config   0x00005841   Thumb Code   148  seekfree_assistant.o(.text.seekfree_assistant_oscilloscope_config)
    seekfree_assistant_receive               0x000058d9   Thumb Code    12  seekfree_assistant_interface.o(.text.seekfree_assistant_receive)
    seekfree_assistant_transfer              0x000058e5   Thumb Code    12  seekfree_assistant_interface.o(.text.seekfree_assistant_transfer)
    spi_transfer_8bit                        0x0000596d   Thumb Code   108  zf_driver_spi.o(.text.spi_transfer_8bit)
    spi_write_8bit_array                     0x000059dd   Thumb Code    64  zf_driver_spi.o(.text.spi_write_8bit_array)
    system_delay_init                        0x00005a21   Thumb Code     2  zf_driver_delay.o(.text.system_delay_init)
    system_delay_ms                          0x00005a25   Thumb Code    68  zf_driver_delay.o(.text.system_delay_ms)
    system_delay_us                          0x00005a6d   Thumb Code    48  zf_driver_delay.o(.text.system_delay_us)
    timer_clock_enable                       0x00005aa9   Thumb Code    32  zf_driver_timer.o(.text.timer_clock_enable)
    timer_config_init                        0x00005ad1   Thumb Code    16  timer_config.o(.text.timer_config_init)
    timer_funciton_check                     0x00005ae5   Thumb Code    88  zf_driver_timer.o(.text.timer_funciton_check)
    uart0_init_debug                         0x00005c0d   Thumb Code    68  uart_config.o(.text.uart0_init_debug)
    uart0_rx_callback                        0x00005c5d   Thumb Code   132  uart_config.o(.text.uart0_rx_callback)
    uart1_init_camera                        0x00005ce5   Thumb Code   120  uart_config.o(.text.uart1_init_camera)
    uart1_rx_callback                        0x00005d95   Thumb Code   204  uart_config.o(.text.uart1_rx_callback)
    uart3_init_motor                         0x00005e71   Thumb Code    72  uart_config.o(.text.uart3_init_motor)
    uart3_rx_callback                        0x00005ec5   Thumb Code   132  uart_config.o(.text.uart3_rx_callback)
    uart4_init_jy901                         0x00005f4d   Thumb Code    56  uart_config.o(.text.uart4_init_jy901)
    uart5_init_grayscale                     0x00005f91   Thumb Code    96  uart_config.o(.text.uart5_init_grayscale)
    uart5_rx_callback                        0x00006001   Thumb Code   148  uart_config.o(.text.uart5_rx_callback)
    uart6_init_screen                        0x00006099   Thumb Code    72  uart_config.o(.text.uart6_init_screen)
    uart6_process_data                       0x000060ed   Thumb Code    92  uart_config.o(.text.uart6_process_data)
    uart6_rx_callback                        0x00006159   Thumb Code   204  uart_config.o(.text.uart6_rx_callback)
    uart_config_init                         0x00006233   Thumb Code    28  uart_config.o(.text.uart_config_init)
    uart_init                                0x00006251   Thumb Code   320  zf_driver_uart.o(.text.uart_init)
    uart_printf                              0x000063ad   Thumb Code    60  uart_config.o(.text.uart_printf)
    uart_query_byte                          0x000063e9   Thumb Code    88  zf_driver_uart.o(.text.uart_query_byte)
    uart_set_callback                        0x00006441   Thumb Code    64  zf_driver_uart.o(.text.uart_set_callback)
    uart_set_interrupt_config                0x0000648d   Thumb Code   384  zf_driver_uart.o(.text.uart_set_interrupt_config)
    uart_write_buffer                        0x00006619   Thumb Code    96  zf_driver_uart.o(.text.uart_write_buffer)
    uart_write_byte                          0x00006679   Thumb Code    60  zf_driver_uart.o(.text.uart_write_byte)
    uart_write_string                        0x000066b5   Thumb Code    88  zf_driver_uart.o(.text.uart_write_string)
    wifi_spi_read_buffer                     0x00006715   Thumb Code   372  zf_device_wifi_spi.o(.text.wifi_spi_read_buffer)
    wifi_spi_send_buffer                     0x00006891   Thumb Code   268  zf_device_wifi_spi.o(.text.wifi_spi_send_buffer)
    wireless_uart_read_buffer                0x00006afd   Thumb Code    44  zf_device_wireless_uart.o(.text.wireless_uart_read_buffer)
    wireless_uart_send_buffer                0x00006b2d   Thumb Code   140  zf_device_wireless_uart.o(.text.wireless_uart_send_buffer)
    __ARM_common_ll_muluu                    0x00006bbd   Thumb Code    48  btod.o(i.__ARM_common_ll_muluu)
    __ARM_fpclassify                         0x00006bed   Thumb Code    40  fpclassify.o(i.__ARM_fpclassify)
    __aeabi_dcmpge                           0x00006c19   Thumb Code     0  dcmp.o(i._dgeq)
    _dgeq                                    0x00006c19   Thumb Code    22  dcmp.o(i._dgeq)
    __aeabi_dcmple                           0x00006c2f   Thumb Code     0  dcmp.o(i._dleq)
    _dleq                                    0x00006c2f   Thumb Code    26  dcmp.o(i._dleq)
    __aeabi_fcmplt                           0x00006c49   Thumb Code     0  fcmp.o(i._fls)
    _fls                                     0x00006c49   Thumb Code    22  fcmp.o(i._fls)
    _is_digit                                0x00006c5f   Thumb Code    14  __printf_wp.o(i._is_digit)
    _get_lc_numeric                          0x00006c6d   Thumb Code    44  lc_numeric_c.o(locale$$code)
    _get_lc_ctype                            0x00006c99   Thumb Code    44  lc_ctype_c.o(locale$$code)
    _dcmpge                                  0x00006cc5   Thumb Code    94  dgef.o(x$fpl$dgeqf)
    __aeabi_cdcmple                          0x00006d29   Thumb Code     0  dlef.o(x$fpl$dleqf)
    _dcmple                                  0x00006d29   Thumb Code    94  dlef.o(x$fpl$dleqf)
    __aeabi_fadd                             0x00006d8d   Thumb Code     0  faddsub.o(x$fpl$fadd)
    _fadd                                    0x00006d8d   Thumb Code   134  faddsub.o(x$fpl$fadd)
    __aeabi_cfcmple                          0x00006e19   Thumb Code     0  flef.o(x$fpl$fleqf)
    _fcmple                                  0x00006e19   Thumb Code    78  flef.o(x$fpl$fleqf)
    __aeabi_fmul                             0x00006e6d   Thumb Code     0  fmul.o(x$fpl$fmul)
    _fmul                                    0x00006e6d   Thumb Code   172  fmul.o(x$fpl$fmul)
    __aeabi_fsub                             0x00006f1d   Thumb Code     0  faddsub.o(x$fpl$fsub)
    _fsub                                    0x00006f1d   Thumb Code   204  faddsub.o(x$fpl$fsub)
    _printf_fp_dec                           0x00006fed   Thumb Code    16  printf1.o(x$fpl$printf1)
    _printf_fp_hex                           0x00006ffd   Thumb Code    16  printf2.o(x$fpl$printf2)
    __I$use$fp                               0x0000700c   Number         0  usenofp.o(x$fpl$usenofp)
    gpio_iomux_index                         0x00007200   Data          60  zf_driver_gpio.o(.rodata.gpio_iomux_index)
    irq_index                                0x0000724d   Data           9  zf_driver_pit.o(.rodata.irq_index)
    timer_reg                                0x000074b0   Data          36  zf_driver_timer.o(.rodata.timer_reg)
    Region$$Table$$Base                      0x000074e0   Number         0  anon$$obj.o(Region$$Table)
    Region$$Table$$Limit                     0x00007500   Number         0  anon$$obj.o(Region$$Table)
    __ctype                                  0x00007529   Data           0  lc_ctype_c.o(locale$$data)
    DL_FACTORYREGION_TrimTable               0x20200000   Data          68  dl_factoryregion.o(.TrimTable)
    FACTORYVALUE                             0x20200044   Data           4  dl_factoryregion.o(.data.FACTORYVALUE)
    exti_callback_list                       0x20200048   Data         128  zf_driver_exti.o(.data.exti_callback_list)
    gpio_group                               0x202000c8   Data           8  zf_driver_gpio.o(.data.gpio_group)
    left_speed                               0x202000d0   Data           2  uart_config.o(.data.left_speed)
    pit_callback_ptr_list                    0x202000d4   Data          36  zf_driver_pit.o(.data.pit_callback_ptr_list)
    right_speed                              0x202000f8   Data           2  uart_config.o(.data.right_speed)
    seekfree_assistant_receive_callback      0x202000fc   Data           4  seekfree_assistant.o(.data.seekfree_assistant_receive_callback)
    seekfree_assistant_transfer_callback     0x20200100   Data           4  seekfree_assistant.o(.data.seekfree_assistant_transfer_callback)
    uart_callback_list                       0x2020010c   Data          28  zf_driver_uart.o(.data.uart_callback_list)
    __libspace_start                         0x20200150   Data          96  libspace.o(.bss)
    __temporary_stack_top$libspace           0x202001b0   Data           0  libspace.o(.bss)
    camera_distance                          0x2020024c   Data           2  uart_config.o(.bss.camera_distance)
    camera_mode                              0x2020024e   Data           1  uart_config.o(.bss.camera_mode)
    camera_move_x                            0x20200250   Data           2  uart_config.o(.bss.camera_move_x)
    camera_move_y                            0x20200252   Data           2  uart_config.o(.bss.camera_move_y)
    camera_sequence                          0x20200254   Data           2  uart_config.o(.bss.camera_sequence)
    camera_target_valid                      0x20200256   Data           1  uart_config.o(.bss.camera_target_valid)
    camera_target_x                          0x20200258   Data           2  uart_config.o(.bss.camera_target_x)
    camera_target_y                          0x2020025a   Data           2  uart_config.o(.bss.camera_target_y)
    circle                                   0x2020025c   Data           1  main.o(.bss.circle)
    debug_uart_buffer                        0x20200274   Data          64  zf_common_debug.o(.bss.debug_uart_buffer)
    debug_uart_data                          0x202002b4   Data           1  zf_common_debug.o(.bss.debug_uart_data)
    debug_uart_fifo                          0x202002b5   Data          22  zf_common_debug.o(.bss.debug_uart_fifo)
    exti_callback_ptr_list                   0x202002cc   Data         128  zf_driver_exti.o(.bss.exti_callback_ptr_list)
    grayscale_offset                         0x2020034c   Data           2  uart_config.o(.bss.grayscale_offset)
    grayscale_status                         0x2020034e   Data           1  uart_config.o(.bss.grayscale_status)
    hc595_8digit_buffer                      0x202003c8   Data           8  zf_device_hc595_8digit.o(.bss.hc595_8digit_buffer)
    hc595_8digit_point_buffer                0x202003d0   Data           8  zf_device_hc595_8digit.o(.bss.hc595_8digit_point_buffer)
    jy901_data                               0x202003e0   Data          24  jy901.o(.bss.jy901_data)
    jy901_rx                                 0x202003f8   Data          32  jy901.o(.bss.jy901_rx)
    oscillocape_data                         0x2020041c   Data          16  main.o(.bss.oscillocape_data)
    oscilloscope_obj                         0x2020042c   Data          16  main.o(.bss.oscilloscope_obj)
    out_of_line                              0x2020043c   Data           1  main.o(.bss.out_of_line)
    pit_callback_list                        0x20200440   Data          36  zf_driver_pit.o(.bss.pit_callback_list)
    state                                    0x20200464   Data           1  uart_config.o(.bss.state)
    system_timer_ms                          0x20200468   Data           4  timer_config.o(.bss.system_timer_ms)
    timer_function_state                     0x2020046c   Data           9  zf_driver_timer.o(.bss.timer_function_state)
    total_pulses                             0x20200478   Data           4  timer_config.o(.bss.total_pulses)
    uart0_rx                                 0x2020047c   Data         260  uart_config.o(.bss.uart0_rx)
    uart1_rx                                 0x20200603   Data         260  uart_config.o(.bss.uart1_rx)
    uart3_rx                                 0x20200707   Data         260  uart_config.o(.bss.uart3_rx)
    uart5_rx                                 0x2020080b   Data         260  uart_config.o(.bss.uart5_rx)
    uart6_rx                                 0x2020090f   Data         260  uart_config.o(.bss.uart6_rx)
    uart_callback_ptr_list                   0x20200a14   Data          28  zf_driver_uart.o(.bss.uart_callback_ptr_list)



==============================================================================

Memory Map of the image

  Image Entry point : 0x000000c1

  Load Region LR_IROM1 (Base: 0x00000000, Size: 0x00007780, Max: 0x00080000, ABSOLUTE, COMPRESSED[0x00007680])

    Execution Region ER_IROM1 (Exec base: 0x00000000, Load base: 0x00000000, Size: 0x0000762c, Max: 0x00080000, ABSOLUTE)

    Exec Addr    Load Addr    Size         Type   Attr      Idx    E Section Name        Object

    0x00000000   0x00000000   0x000000c0   Data   RO         1194    RESET               startup_mspm0g351x_uvision.o
    0x000000c0   0x000000c0   0x00000008   Code   RO         2502  * !!!main             c_p.l(__main.o)
    0x000000c8   0x000000c8   0x00000054   Code   RO         2957    !!!scatter          c_p.l(__scatter.o)
    0x0000011c   0x0000011c   0x00000004   PAD
    0x00000120   0x00000120   0x00000002   Code   RO         2958    !!handler_null      c_p.l(__scatter.o)
    0x00000122   0x00000122   0x00000006   PAD
    0x00000128   0x00000128   0x0000001c   Code   RO         2961    !!handler_zi        c_p.l(__scatter_zi.o)
    0x00000144   0x00000144   0x00000002   Code   RO         2654    .ARM.Collect$$_printf_percent$$00000000  c_p.l(_printf_percent.o)
    0x00000146   0x00000146   0x0000000a   Code   RO         2643    .ARM.Collect$$_printf_percent$$00000001  c_p.l(_printf_n.o)
    0x00000150   0x00000150   0x0000000a   Code   RO         2645    .ARM.Collect$$_printf_percent$$00000002  c_p.l(_printf_p.o)
    0x0000015a   0x0000015a   0x0000000a   Code   RO         2650    .ARM.Collect$$_printf_percent$$00000003  c_p.l(_printf_f.o)
    0x00000164   0x00000164   0x0000000a   Code   RO         2651    .ARM.Collect$$_printf_percent$$00000004  c_p.l(_printf_e.o)
    0x0000016e   0x0000016e   0x0000000a   Code   RO         2652    .ARM.Collect$$_printf_percent$$00000005  c_p.l(_printf_g.o)
    0x00000178   0x00000178   0x0000000a   Code   RO         2653    .ARM.Collect$$_printf_percent$$00000006  c_p.l(_printf_a.o)
    0x00000182   0x00000182   0x0000000a   Code   RO         2658    .ARM.Collect$$_printf_percent$$00000007  c_p.l(_printf_ll.o)
    0x0000018c   0x0000018c   0x0000000a   Code   RO         2647    .ARM.Collect$$_printf_percent$$00000008  c_p.l(_printf_i.o)
    0x00000196   0x00000196   0x0000000a   Code   RO         2648    .ARM.Collect$$_printf_percent$$00000009  c_p.l(_printf_d.o)
    0x000001a0   0x000001a0   0x0000000a   Code   RO         2649    .ARM.Collect$$_printf_percent$$0000000A  c_p.l(_printf_u.o)
    0x000001aa   0x000001aa   0x0000000a   Code   RO         2646    .ARM.Collect$$_printf_percent$$0000000B  c_p.l(_printf_o.o)
    0x000001b4   0x000001b4   0x0000000a   Code   RO         2644    .ARM.Collect$$_printf_percent$$0000000C  c_p.l(_printf_x.o)
    0x000001be   0x000001be   0x0000000a   Code   RO         2655    .ARM.Collect$$_printf_percent$$0000000D  c_p.l(_printf_lli.o)
    0x000001c8   0x000001c8   0x0000000a   Code   RO         2656    .ARM.Collect$$_printf_percent$$0000000E  c_p.l(_printf_lld.o)
    0x000001d2   0x000001d2   0x0000000a   Code   RO         2657    .ARM.Collect$$_printf_percent$$0000000F  c_p.l(_printf_llu.o)
    0x000001dc   0x000001dc   0x0000000a   Code   RO         2662    .ARM.Collect$$_printf_percent$$00000010  c_p.l(_printf_llo.o)
    0x000001e6   0x000001e6   0x0000000a   Code   RO         2663    .ARM.Collect$$_printf_percent$$00000011  c_p.l(_printf_llx.o)
    0x000001f0   0x000001f0   0x0000000a   Code   RO         2659    .ARM.Collect$$_printf_percent$$00000012  c_p.l(_printf_l.o)
    0x000001fa   0x000001fa   0x0000000a   Code   RO         2641    .ARM.Collect$$_printf_percent$$00000013  c_p.l(_printf_c.o)
    0x00000204   0x00000204   0x0000000a   Code   RO         2642    .ARM.Collect$$_printf_percent$$00000014  c_p.l(_printf_s.o)
    0x0000020e   0x0000020e   0x0000000a   Code   RO         2660    .ARM.Collect$$_printf_percent$$00000015  c_p.l(_printf_lc.o)
    0x00000218   0x00000218   0x0000000a   Code   RO         2661    .ARM.Collect$$_printf_percent$$00000016  c_p.l(_printf_ls.o)
    0x00000222   0x00000222   0x00000004   Code   RO         2751    .ARM.Collect$$_printf_percent$$00000017  c_p.l(_printf_percent_end.o)
    0x00000226   0x00000226   0x00000002   Code   RO         2805    .ARM.Collect$$libinit$$00000000  c_p.l(libinit.o)
    0x00000228   0x00000228   0x00000000   Code   RO         2831    .ARM.Collect$$libinit$$00000002  c_p.l(libinit2.o)
    0x00000228   0x00000228   0x00000000   Code   RO         2833    .ARM.Collect$$libinit$$00000004  c_p.l(libinit2.o)
    0x00000228   0x00000228   0x00000000   Code   RO         2835    .ARM.Collect$$libinit$$00000006  c_p.l(libinit2.o)
    0x00000228   0x00000228   0x00000000   Code   RO         2838    .ARM.Collect$$libinit$$0000000C  c_p.l(libinit2.o)
    0x00000228   0x00000228   0x00000000   Code   RO         2840    .ARM.Collect$$libinit$$0000000E  c_p.l(libinit2.o)
    0x00000228   0x00000228   0x00000000   Code   RO         2842    .ARM.Collect$$libinit$$00000010  c_p.l(libinit2.o)
    0x00000228   0x00000228   0x00000006   Code   RO         2843    .ARM.Collect$$libinit$$00000011  c_p.l(libinit2.o)
    0x0000022e   0x0000022e   0x00000000   Code   RO         2845    .ARM.Collect$$libinit$$00000013  c_p.l(libinit2.o)
    0x0000022e   0x0000022e   0x0000000c   Code   RO         2846    .ARM.Collect$$libinit$$00000014  c_p.l(libinit2.o)
    0x0000023a   0x0000023a   0x00000000   Code   RO         2847    .ARM.Collect$$libinit$$00000015  c_p.l(libinit2.o)
    0x0000023a   0x0000023a   0x00000000   Code   RO         2849    .ARM.Collect$$libinit$$00000017  c_p.l(libinit2.o)
    0x0000023a   0x0000023a   0x0000000a   Code   RO         2850    .ARM.Collect$$libinit$$00000018  c_p.l(libinit2.o)
    0x00000244   0x00000244   0x00000000   Code   RO         2851    .ARM.Collect$$libinit$$00000019  c_p.l(libinit2.o)
    0x00000244   0x00000244   0x00000000   Code   RO         2853    .ARM.Collect$$libinit$$0000001B  c_p.l(libinit2.o)
    0x00000244   0x00000244   0x00000000   Code   RO         2855    .ARM.Collect$$libinit$$0000001D  c_p.l(libinit2.o)
    0x00000244   0x00000244   0x00000000   Code   RO         2857    .ARM.Collect$$libinit$$0000001F  c_p.l(libinit2.o)
    0x00000244   0x00000244   0x00000000   Code   RO         2859    .ARM.Collect$$libinit$$00000021  c_p.l(libinit2.o)
    0x00000244   0x00000244   0x00000000   Code   RO         2861    .ARM.Collect$$libinit$$00000023  c_p.l(libinit2.o)
    0x00000244   0x00000244   0x00000000   Code   RO         2863    .ARM.Collect$$libinit$$00000025  c_p.l(libinit2.o)
    0x00000244   0x00000244   0x00000000   Code   RO         2865    .ARM.Collect$$libinit$$00000027  c_p.l(libinit2.o)
    0x00000244   0x00000244   0x00000000   Code   RO         2869    .ARM.Collect$$libinit$$0000002E  c_p.l(libinit2.o)
    0x00000244   0x00000244   0x00000000   Code   RO         2871    .ARM.Collect$$libinit$$00000030  c_p.l(libinit2.o)
    0x00000244   0x00000244   0x00000000   Code   RO         2873    .ARM.Collect$$libinit$$00000032  c_p.l(libinit2.o)
    0x00000244   0x00000244   0x00000000   Code   RO         2875    .ARM.Collect$$libinit$$00000034  c_p.l(libinit2.o)
    0x00000244   0x00000244   0x00000002   Code   RO         2876    .ARM.Collect$$libinit$$00000035  c_p.l(libinit2.o)
    0x00000246   0x00000246   0x00000002   Code   RO         2908    .ARM.Collect$$libshutdown$$00000000  c_p.l(libshutdown.o)
    0x00000248   0x00000248   0x00000000   Code   RO         2939    .ARM.Collect$$libshutdown$$00000002  c_p.l(libshutdown2.o)
    0x00000248   0x00000248   0x00000000   Code   RO         2941    .ARM.Collect$$libshutdown$$00000004  c_p.l(libshutdown2.o)
    0x00000248   0x00000248   0x00000000   Code   RO         2944    .ARM.Collect$$libshutdown$$00000007  c_p.l(libshutdown2.o)
    0x00000248   0x00000248   0x00000000   Code   RO         2947    .ARM.Collect$$libshutdown$$0000000A  c_p.l(libshutdown2.o)
    0x00000248   0x00000248   0x00000000   Code   RO         2949    .ARM.Collect$$libshutdown$$0000000C  c_p.l(libshutdown2.o)
    0x00000248   0x00000248   0x00000000   Code   RO         2952    .ARM.Collect$$libshutdown$$0000000F  c_p.l(libshutdown2.o)
    0x00000248   0x00000248   0x00000002   Code   RO         2953    .ARM.Collect$$libshutdown$$00000010  c_p.l(libshutdown2.o)
    0x0000024a   0x0000024a   0x00000000   Code   RO         2564    .ARM.Collect$$rtentry$$00000000  c_p.l(__rtentry.o)
    0x0000024a   0x0000024a   0x00000000   Code   RO         2713    .ARM.Collect$$rtentry$$00000002  c_p.l(__rtentry2.o)
    0x0000024a   0x0000024a   0x00000006   Code   RO         2725    .ARM.Collect$$rtentry$$00000004  c_p.l(__rtentry4.o)
    0x00000250   0x00000250   0x00000000   Code   RO         2715    .ARM.Collect$$rtentry$$00000009  c_p.l(__rtentry2.o)
    0x00000250   0x00000250   0x00000004   Code   RO         2716    .ARM.Collect$$rtentry$$0000000A  c_p.l(__rtentry2.o)
    0x00000254   0x00000254   0x00000000   Code   RO         2718    .ARM.Collect$$rtentry$$0000000C  c_p.l(__rtentry2.o)
    0x00000254   0x00000254   0x00000008   Code   RO         2719    .ARM.Collect$$rtentry$$0000000D  c_p.l(__rtentry2.o)
    0x0000025c   0x0000025c   0x00000002   Code   RO         2815    .ARM.Collect$$rtexit$$00000000  c_p.l(rtexit.o)
    0x0000025e   0x0000025e   0x00000000   Code   RO         2880    .ARM.Collect$$rtexit$$00000002  c_p.l(rtexit2.o)
    0x0000025e   0x0000025e   0x00000004   Code   RO         2881    .ARM.Collect$$rtexit$$00000003  c_p.l(rtexit2.o)
    0x00000262   0x00000262   0x00000006   Code   RO         2882    .ARM.Collect$$rtexit$$00000004  c_p.l(rtexit2.o)
    0x00000268   0x00000268   0x00000038   Code   RO         2488    .emb_text           c_p.l(rt_memcpy.o)
    0x000002a0   0x000002a0   0x00000030   Code   RO         1195    .text               startup_mspm0g351x_uvision.o
    0x000002d0   0x000002d0   0x0000002c   Code   RO         2474    .text               c_p.l(sprintf.o)
    0x000002fc   0x000002fc   0x0000003c   Code   RO         2476    .text               c_p.l(vsnprintf.o)
    0x00000338   0x00000338   0x00000044   Code   RO         2484    .text               c_p.l(strlen.o)
    0x0000037c   0x0000037c   0x00000082   Code   RO         2489    .text               c_p.l(rt_memcpy.o)
    0x000003fe   0x000003fe   0x00000040   Code   RO         2494    .text               c_p.l(rt_memclr.o)
    0x0000043e   0x0000043e   0x00000002   PAD
    0x00000440   0x00000440   0x0000016c   Code   RO         2496    .text               c_p.l(aeabi_sdiv.o)
    0x000005ac   0x000005ac   0x00000006   Code   RO         2500    .text               c_p.l(heapauxi.o)
    0x000005b2   0x000005b2   0x00000002   PAD
    0x000005b4   0x000005b4   0x00000358   Code   RO         2504    .text               fz_ps.l(daddsub.o)
    0x0000090c   0x0000090c   0x00000448   Code   RO         2518    .text               fz_ps.l(ddiv.o)
    0x00000d54   0x00000d54   0x0000006c   Code   RO         2521    .text               fz_ps.l(dfixi.o)
    0x00000dc0   0x00000dc0   0x00000058   Code   RO         2525    .text               fz_ps.l(dflti.o)
    0x00000e18   0x00000e18   0x00000248   Code   RO         2527    .text               fz_ps.l(dmul.o)
    0x00001060   0x00001060   0x00000160   Code   RO         2549    .text               fz_ps.l(fdiv.o)
    0x000011c0   0x000011c0   0x0000005e   Code   RO         2556    .text               fz_ps.l(fflti.o)
    0x0000121e   0x0000121e   0x0000004e   Code   RO         2573    .text               c_p.l(_printf_pad.o)
    0x0000126c   0x0000126c   0x00000024   Code   RO         2575    .text               c_p.l(_printf_truncate.o)
    0x00001290   0x00001290   0x00000052   Code   RO         2577    .text               c_p.l(_printf_str.o)
    0x000012e2   0x000012e2   0x00000002   PAD
    0x000012e4   0x000012e4   0x0000006c   Code   RO         2579    .text               c_p.l(_printf_dec.o)
    0x00001350   0x00001350   0x00000026   Code   RO         2581    .text               c_p.l(_printf_charcount.o)
    0x00001376   0x00001376   0x00000002   PAD
    0x00001378   0x00001378   0x00000030   Code   RO         2583    .text               c_p.l(_printf_char_common.o)
    0x000013a8   0x000013a8   0x0000000a   Code   RO         2585    .text               c_p.l(_sputc.o)
    0x000013b2   0x000013b2   0x00000010   Code   RO         2587    .text               c_p.l(_snputc.o)
    0x000013c2   0x000013c2   0x00000002   PAD
    0x000013c4   0x000013c4   0x000000bc   Code   RO         2589    .text               c_p.l(_printf_wctomb.o)
    0x00001480   0x00001480   0x00000070   Code   RO         2592    .text               c_p.l(_printf_longlong_dec.o)
    0x000014f0   0x000014f0   0x00000070   Code   RO         2598    .text               c_p.l(_printf_oct_int_ll.o)
    0x00001560   0x00001560   0x00000098   Code   RO         2618    .text               c_p.l(_printf_hex_int_ll_ptr.o)
    0x000015f8   0x000015f8   0x00000188   Code   RO         2638    .text               c_p.l(__printf_flags_ss_wp.o)
    0x00001780   0x00001780   0x0000007a   Code   RO         2734    .text               c_p.l(lludiv10.o)
    0x000017fa   0x000017fa   0x000000b0   Code   RO         2736    .text               c_p.l(_printf_intcommon.o)
    0x000018aa   0x000018aa   0x00000002   PAD
    0x000018ac   0x000018ac   0x00000414   Code   RO         2738    .text               c_p.l(_printf_fp_dec.o)
    0x00001cc0   0x00001cc0   0x000002d8   Code   RO         2742    .text               c_p.l(_printf_fp_hex.o)
    0x00001f98   0x00001f98   0x0000002e   Code   RO         2747    .text               c_p.l(_printf_char.o)
    0x00001fc6   0x00001fc6   0x0000002e   Code   RO         2749    .text               c_p.l(_printf_wchar.o)
    0x00001ff4   0x00001ff4   0x00000042   Code   RO         2752    .text               c_p.l(_c16rtomb.o)
    0x00002036   0x00002036   0x00000028   Code   RO         2754    .text               c_p.l(rtudiv10.o)
    0x0000205e   0x0000205e   0x00000002   PAD
    0x00002060   0x00002060   0x000000a0   Code   RO         2756    .text               fz_ps.l(dcmpin.o)
    0x00002100   0x00002100   0x00000064   Code   RO         2760    .text               fz_ps.l(fcmpin.o)
    0x00002164   0x00002164   0x00000008   Code   RO         2766    .text               c_p.l(libspace.o)
    0x0000216c   0x0000216c   0x0000003e   Code   RO         2769    .text               c_p.l(sys_stackheap_outer.o)
    0x000021aa   0x000021aa   0x00000002   PAD
    0x000021ac   0x000021ac   0x00000010   Code   RO         2772    .text               c_p.l(rt_ctype_table.o)
    0x000021bc   0x000021bc   0x00000008   Code   RO         2777    .text               c_p.l(rt_locale_intlibspace.o)
    0x000021c4   0x000021c4   0x00000088   Code   RO         2779    .text               c_p.l(_printf_fp_infnan.o)
    0x0000224c   0x0000224c   0x000000d8   Code   RO         2781    .text               c_p.l(bigflt0.o)
    0x00002324   0x00002324   0x00000580   Code   RO         2784    .text               c_p.l(btod.o)
    0x000028a4   0x000028a4   0x00000010   Code   RO         2794    .text               c_p.l(exit.o)
    0x000028b4   0x000028b4   0x0000002e   Code   RO         2806    .text               fz_ps.l(cmpret.o)
    0x000028e2   0x000028e2   0x00000002   PAD
    0x000028e4   0x000028e4   0x00000014   Code   RO         2808    .text               fz_ps.l(dnan2.o)
    0x000028f8   0x000028f8   0x00000010   Code   RO         2810    .text               fz_ps.l(fnan2.o)
    0x00002908   0x00002908   0x00000088   Code   RO         2828    .text               c_p.l(strcmp.o)
    0x00002990   0x00002990   0x0000005e   Code   RO         2877    .text               fz_ps.l(retnan.o)
    0x000029ee   0x000029ee   0x00000056   Code   RO         2955    .text               c_p.l(__dczerorl2.o)
    0x00002a44   0x00002a44   0x00000014   Code   RO          176    .text.DL_ADC12_enablePower  zf_common_clock.o
    0x00002a58   0x00002a58   0x00000010   Code   RO          174    .text.DL_ADC12_reset  zf_common_clock.o
    0x00002a68   0x00002a68   0x0000001c   Code   RO         2400    .text.DL_CORE_configInstruction  dl_sysctl_mspm0gx51x.o
    0x00002a84   0x00002a84   0x0000000c   Code   RO         2398    .text.DL_CORE_getInstructionConfig  dl_sysctl_mspm0gx51x.o
    0x00002a90   0x00002a90   0x00000014   Code   RO         1301    .text.DL_Common_delayCycles  dl_common.o
    0x00002aa4   0x00002aa4   0x00000028   Code   RO          701    .text.DL_Common_updateReg  zf_driver_uart.o
    0x00002acc   0x00002acc   0x00000028   Code   RO         1181    .text.DL_Common_updateReg  ti_msp_dl_config.o
    0x00002af4   0x00002af4   0x00000028   Code   RO         2321    .text.DL_Common_updateReg  dl_uart.o
    0x00002b1c   0x00002b1c   0x00000028   Code   RO         2396    .text.DL_Common_updateReg  dl_sysctl_mspm0gx51x.o
    0x00002b44   0x00002b44   0x000000b0   Code   RO         2463    .text.DL_FactoryRegion_initTrimTable  dl_factoryregion.o
    0x00002bf4   0x00002bf4   0x00000018   Code   RO         2392    .text.DL_FactoryRegion_isTrimTableInSram  dl_sysctl_mspm0gx51x.o
    0x00002c0c   0x00002c0c   0x00000014   Code   RO          160    .text.DL_GPIO_enablePower  zf_common_clock.o
    0x00002c20   0x00002c20   0x00000014   Code   RO         1137    .text.DL_GPIO_enablePower  ti_msp_dl_config.o
    0x00002c34   0x00002c34   0x00000018   Code   RO         1141    .text.DL_GPIO_initPeripheralAnalogFunction  ti_msp_dl_config.o
    0x00002c4c   0x00002c4c   0x00000010   Code   RO          158    .text.DL_GPIO_reset  zf_common_clock.o
    0x00002c5c   0x00002c5c   0x00000010   Code   RO         1133    .text.DL_GPIO_reset  ti_msp_dl_config.o
    0x00002c6c   0x00002c6c   0x00000018   Code   RO          172    .text.DL_SPI_enablePower  zf_common_clock.o
    0x00002c84   0x00002c84   0x00000018   Code   RO          170    .text.DL_SPI_reset  zf_common_clock.o
    0x00002c9c   0x00002c9c   0x00000024   Code   RO         2430    .text.DL_SYSCTL_configFCC  dl_sysctl_mspm0gx51x.o
    0x00002cc0   0x00002cc0   0x000000f8   Code   RO         2388    .text.DL_SYSCTL_configSYSPLL  dl_sysctl_mspm0gx51x.o
    0x00002db8   0x00002db8   0x00000010   Code   RO         2428    .text.DL_SYSCTL_disableHFCLKStartupMonitor  dl_sysctl_mspm0gx51x.o
    0x00002dc8   0x00002dc8   0x0000000c   Code   RO         1159    .text.DL_SYSCTL_disableHFXT  ti_msp_dl_config.o
    0x00002dd4   0x00002dd4   0x0000000c   Code   RO         2418    .text.DL_SYSCTL_disableHFXT  dl_sysctl_mspm0gx51x.o
    0x00002de0   0x00002de0   0x00000010   Code   RO         1161    .text.DL_SYSCTL_disableSYSPLL  ti_msp_dl_config.o
    0x00002df0   0x00002df0   0x00000010   Code   RO         2390    .text.DL_SYSCTL_disableSYSPLL  dl_sysctl_mspm0gx51x.o
    0x00002e00   0x00002e00   0x00000010   Code   RO         2424    .text.DL_SYSCTL_enableHFCLKStartupMonitor  dl_sysctl_mspm0gx51x.o
    0x00002e10   0x00002e10   0x00000010   Code   RO         1171    .text.DL_SYSCTL_enableMFCLK  ti_msp_dl_config.o
    0x00002e20   0x00002e20   0x00000010   Code   RO         1173    .text.DL_SYSCTL_enableMFPCLK  ti_msp_dl_config.o
    0x00002e30   0x00002e30   0x00000010   Code   RO         1163    .text.DL_SYSCTL_enableSYSPLL  ti_msp_dl_config.o
    0x00002e40   0x00002e40   0x00000008   Code   RO         1165    .text.DL_SYSCTL_getClockStatus  ti_msp_dl_config.o
    0x00002e48   0x00002e48   0x0000000c   Code   RO         2394    .text.DL_SYSCTL_getClockStatus  dl_sysctl_mspm0gx51x.o
    0x00002e54   0x00002e54   0x00000010   Code   RO         1149    .text.DL_SYSCTL_isFCCDone  ti_msp_dl_config.o
    0x00002e64   0x00002e64   0x0000000c   Code   RO         1151    .text.DL_SYSCTL_readFCC  ti_msp_dl_config.o
    0x00002e70   0x00002e70   0x00000018   Code   RO         1153    .text.DL_SYSCTL_setBORThreshold  ti_msp_dl_config.o
    0x00002e88   0x00002e88   0x00000018   Code   RO         1145    .text.DL_SYSCTL_setFCCPeriods  ti_msp_dl_config.o
    0x00002ea0   0x00002ea0   0x0000001c   Code   RO         1155    .text.DL_SYSCTL_setFlashWaitState  ti_msp_dl_config.o
    0x00002ebc   0x00002ebc   0x0000001c   Code   RO         1169    .text.DL_SYSCTL_setHFCLKDividerForMFPCLK  ti_msp_dl_config.o
    0x00002ed8   0x00002ed8   0x00000070   Code   RO         2426    .text.DL_SYSCTL_setHFCLKSourceHFXTParams  dl_sysctl_mspm0gx51x.o
    0x00002f48   0x00002f48   0x0000001c   Code   RO         2420    .text.DL_SYSCTL_setHFXTFrequencyRange  dl_sysctl_mspm0gx51x.o
    0x00002f64   0x00002f64   0x00000018   Code   RO         2422    .text.DL_SYSCTL_setHFXTStartupTime  dl_sysctl_mspm0gx51x.o
    0x00002f7c   0x00002f7c   0x00000018   Code   RO         2412    .text.DL_SYSCTL_setHSCLKSource  dl_sysctl_mspm0gx51x.o
    0x00002f94   0x00002f94   0x00000054   Code   RO         2402    .text.DL_SYSCTL_setLFCLKSourceLFXT  dl_sysctl_mspm0gx51x.o
    0x00002fe8   0x00002fe8   0x00000020   Code   RO         1175    .text.DL_SYSCTL_setMFPCLKSource  ti_msp_dl_config.o
    0x00003008   0x00003008   0x0000001c   Code   RO         1157    .text.DL_SYSCTL_setSYSOSCFreq  ti_msp_dl_config.o
    0x00003024   0x00003024   0x00000018   Code   RO         1167    .text.DL_SYSCTL_setULPCLKDivider  ti_msp_dl_config.o
    0x0000303c   0x0000303c   0x00000010   Code   RO         1147    .text.DL_SYSCTL_startFCC  ti_msp_dl_config.o
    0x0000304c   0x0000304c   0x0000004c   Code   RO         2410    .text.DL_SYSCTL_switchMCLKfromSYSOSCtoHSCLK  dl_sysctl_mspm0gx51x.o
    0x00003098   0x00003098   0x0000000c   Code   RO         1179    .text.DL_SYSTICK_enable  ti_msp_dl_config.o
    0x000030a4   0x000030a4   0x00000028   Code   RO         1177    .text.DL_SYSTICK_init  ti_msp_dl_config.o
    0x000030cc   0x000030cc   0x00000014   Code   RO          164    .text.DL_Timer_enablePower  zf_common_clock.o
    0x000030e0   0x000030e0   0x00000010   Code   RO          162    .text.DL_Timer_reset  zf_common_clock.o
    0x000030f0   0x000030f0   0x00000018   Code   RO           39    .text.DL_UART_clearInterruptStatus  isr.o
    0x00003108   0x00003108   0x00000016   Code   RO         2319    .text.DL_UART_disable  dl_uart.o
    0x0000311e   0x0000311e   0x00000002   PAD
    0x00003120   0x00003120   0x00000018   Code   RO          689    .text.DL_UART_disableInterrupt  zf_driver_uart.o
    0x00003138   0x00003138   0x00000016   Code   RO          699    .text.DL_UART_enable  zf_driver_uart.o
    0x0000314e   0x0000314e   0x00000002   PAD
    0x00003150   0x00003150   0x00000018   Code   RO           78    .text.DL_UART_enableInterrupt  uart_config.o
    0x00003168   0x00003168   0x0000001c   Code   RO          691    .text.DL_UART_enableInterrupt  zf_driver_uart.o
    0x00003184   0x00003184   0x00000014   Code   RO          168    .text.DL_UART_enablePower  zf_common_clock.o
    0x00003198   0x00003198   0x00000012   Code   RO           37    .text.DL_UART_getPendingInterrupt  isr.o
    0x000031aa   0x000031aa   0x00000002   PAD
    0x000031ac   0x000031ac   0x00000048   Code   RO         2317    .text.DL_UART_init  dl_uart.o
    0x000031f4   0x000031f4   0x00000014   Code   RO          669    .text.DL_UART_isBusy  zf_driver_uart.o
    0x00003208   0x00003208   0x00000014   Code   RO          679    .text.DL_UART_isRXFIFOEmpty  zf_driver_uart.o
    0x0000321c   0x0000321c   0x00000014   Code   RO          681    .text.DL_UART_receiveData  zf_driver_uart.o
    0x00003230   0x00003230   0x00000014   Code   RO          166    .text.DL_UART_reset  zf_common_clock.o
    0x00003244   0x00003244   0x0000004c   Code   RO          697    .text.DL_UART_setBaudRateDivisor  zf_driver_uart.o
    0x00003290   0x00003290   0x00000024   Code   RO         2323    .text.DL_UART_setClockConfig  dl_uart.o
    0x000032b4   0x000032b4   0x0000001e   Code   RO          695    .text.DL_UART_setOversampling  zf_driver_uart.o
    0x000032d2   0x000032d2   0x00000016   Code   RO          671    .text.DL_UART_transmitData  zf_driver_uart.o
    0x000032e8   0x000032e8   0x00000034   Code   RO         2374    .text.DL_VREF_configReference  dl_vref.o
    0x0000331c   0x0000331c   0x00000014   Code   RO          180    .text.DL_VREF_enablePower  zf_common_clock.o
    0x00003330   0x00003330   0x00000018   Code   RO         1139    .text.DL_VREF_enablePower  ti_msp_dl_config.o
    0x00003348   0x00003348   0x00000010   Code   RO          178    .text.DL_VREF_reset  zf_common_clock.o
    0x00003358   0x00003358   0x00000018   Code   RO         1135    .text.DL_VREF_reset  ti_msp_dl_config.o
    0x00003370   0x00003370   0x0000010c   Code   RO           53    .text.GROUP1_IRQHandler  isr.o
    0x0000347c   0x0000347c   0x0000001c   Code   RO         1123    .text.SYSCFG_DL_GPIO_init  ti_msp_dl_config.o
    0x00003498   0x00003498   0x0000001c   Code   RO         1131    .text.SYSCFG_DL_SYSCTL_CLK_init  ti_msp_dl_config.o
    0x000034b4   0x000034b4   0x000000b0   Code   RO         1143    .text.SYSCFG_DL_SYSCTL_SYSPLL_init  ti_msp_dl_config.o
    0x00003564   0x00003564   0x00000094   Code   RO         1125    .text.SYSCFG_DL_SYSCTL_init  ti_msp_dl_config.o
    0x000035f8   0x000035f8   0x0000000e   Code   RO         1129    .text.SYSCFG_DL_SYSTICK_init  ti_msp_dl_config.o
    0x00003606   0x00003606   0x00000002   PAD
    0x00003608   0x00003608   0x00000010   Code   RO         1127    .text.SYSCFG_DL_VREF_init  ti_msp_dl_config.o
    0x00003618   0x00003618   0x0000001c   Code   RO         1119    .text.SYSCFG_DL_init  ti_msp_dl_config.o
    0x00003634   0x00003634   0x00000044   Code   RO         1121    .text.SYSCFG_DL_initPower  ti_msp_dl_config.o
    0x00003678   0x00003678   0x00000010   Code   RO           17    .text.TIMA0_IRQHandler  isr.o
    0x00003688   0x00003688   0x00000010   Code   RO           19    .text.TIMA1_IRQHandler  isr.o
    0x00003698   0x00003698   0x00000010   Code   RO           21    .text.TIMG0_IRQHandler  isr.o
    0x000036a8   0x000036a8   0x00000010   Code   RO           31    .text.TIMG12_IRQHandler  isr.o
    0x000036b8   0x000036b8   0x00000010   Code   RO           33    .text.TIMG14_IRQHandler  isr.o
    0x000036c8   0x000036c8   0x00000010   Code   RO           23    .text.TIMG6_IRQHandler  isr.o
    0x000036d8   0x000036d8   0x00000010   Code   RO           25    .text.TIMG7_IRQHandler  isr.o
    0x000036e8   0x000036e8   0x00000010   Code   RO           27    .text.TIMG8_IRQHandler  isr.o
    0x000036f8   0x000036f8   0x00000018   Code   RO           29    .text.TIMG9_IRQHandler  isr.o
    0x00003710   0x00003710   0x00000054   Code   RO           35    .text.UART0_IRQHandler  isr.o
    0x00003764   0x00003764   0x00000064   Code   RO           41    .text.UART1_IRQHandler  isr.o
    0x000037c8   0x000037c8   0x00000050   Code   RO           43    .text.UART3_IRQHandler  isr.o
    0x00003818   0x00003818   0x00000050   Code   RO           45    .text.UART4_IRQHandler  isr.o
    0x00003868   0x00003868   0x00000050   Code   RO           47    .text.UART5_IRQHandler  isr.o
    0x000038b8   0x000038b8   0x00000050   Code   RO           49    .text.UART6_IRQHandler  isr.o
    0x00003908   0x00003908   0x00000058   Code   RO           51    .text.UART7_IRQHandler  isr.o
    0x00003960   0x00003960   0x00000034   Code   RO          330    .text.__NVIC_DisableIRQ  zf_common_interrupt.o
    0x00003994   0x00003994   0x0000002c   Code   RO          326    .text.__NVIC_EnableIRQ  zf_common_interrupt.o
    0x000039c0   0x000039c0   0x0000007c   Code   RO           66    .text.__NVIC_SetPriority  uart_config.o
    0x00003a3c   0x00003a3c   0x00000084   Code   RO          334    .text.__NVIC_SetPriority  zf_common_interrupt.o
    0x00003ac0   0x00003ac0   0x00000008   Code   RO          197    .text._sys_exit     zf_common_debug.o
    0x00003ac8   0x00003ac8   0x00000158   Code   RO          530    .text.afio_init     zf_driver_gpio.o
    0x00003c20   0x00003c20   0x0000001e   Code   RO          154    .text.clock_init    zf_common_clock.o
    0x00003c3e   0x00003c3e   0x00000002   PAD
    0x00003c40   0x00003c40   0x000001b8   Code   RO          156    .text.clock_reset   zf_common_clock.o
    0x00003df8   0x00003df8   0x00000068   Code   RO          207    .text.debug_assert_handler  zf_common_debug.o
    0x00003e60   0x00003e60   0x0000003e   Code   RO          213    .text.debug_delay   zf_common_debug.o
    0x00003e9e   0x00003e9e   0x00000002   PAD
    0x00003ea0   0x00003ea0   0x00000058   Code   RO          221    .text.debug_init    zf_common_debug.o
    0x00003ef8   0x00003ef8   0x00000024   Code   RO          195    .text.debug_interrupr_handler  zf_common_debug.o
    0x00003f1c   0x00003f1c   0x00000344   Code   RO          211    .text.debug_output  zf_common_debug.o
    0x00004260   0x00004260   0x00000048   Code   RO          219    .text.debug_output_init  zf_common_debug.o
    0x000042a8   0x000042a8   0x00000034   Code   RO          217    .text.debug_output_struct_init  zf_common_debug.o
    0x000042dc   0x000042dc   0x00000002   Code   RO          209    .text.debug_protective_handler  zf_common_debug.o
    0x000042de   0x000042de   0x00000002   PAD
    0x000042e0   0x000042e0   0x00000020   Code   RO          193    .text.debug_read_ring_buffer  zf_common_debug.o
    0x00004300   0x00004300   0x0000001a   Code   RO          191    .text.debug_send_buffer  zf_common_debug.o
    0x0000431a   0x0000431a   0x00000012   Code   RO          223    .text.debug_uart_str_output  zf_common_debug.o
    0x0000432c   0x0000432c   0x0000000a   Code   RO          437    .text.exti_callbakc_defalut  zf_driver_exti.o
    0x00004336   0x00004336   0x000000a8   Code   RO          253    .text.fifo_end_offset  zf_common_fifo.o
    0x000043de   0x000043de   0x000000a8   Code   RO          247    .text.fifo_head_offset  zf_common_fifo.o
    0x00004486   0x00004486   0x00000002   PAD
    0x00004488   0x00004488   0x0000008c   Code   RO          259    .text.fifo_init     zf_common_fifo.o
    0x00004514   0x00004514   0x00000380   Code   RO          255    .text.fifo_read_buffer  zf_common_fifo.o
    0x00004894   0x00004894   0x00000048   Code   RO          243    .text.fifo_used     zf_common_fifo.o
    0x000048dc   0x000048dc   0x000003a8   Code   RO          249    .text.fifo_write_buffer  zf_common_fifo.o
    0x00004c84   0x00004c84   0x0000000c   Code   RO          143    .text.get_system_time_ms  timer_config.o
    0x00004c90   0x00004c90   0x00000034   Code   RO          524    .text.gpio_get_level  zf_driver_gpio.o
    0x00004cc4   0x00004cc4   0x000001c8   Code   RO          520    .text.gpio_init     zf_driver_gpio.o
    0x00004e8c   0x00004e8c   0x00000026   Code   RO          518    .text.gpio_set_a0_a1_output  zf_driver_gpio.o
    0x00004eb2   0x00004eb2   0x00000002   PAD
    0x00004eb4   0x00004eb4   0x00000064   Code   RO          522    .text.gpio_set_level  zf_driver_gpio.o
    0x00004f18   0x00004f18   0x00000088   Code   RO          826    .text.hc595_8digit_display  zf_device_hc595_8digit.o
    0x00004fa0   0x00004fa0   0x0000007c   Code   RO          824    .text.hc595_8digit_init  zf_device_hc595_8digit.o
    0x0000501c   0x0000501c   0x00000064   Code   RO          828    .text.hc595_8digit_latch  zf_device_hc595_8digit.o
    0x00005080   0x00005080   0x000000b0   Code   RO          830    .text.hc595_8digit_shift_out  zf_device_hc595_8digit.o
    0x00005130   0x00005130   0x00000016   Code   RO          328    .text.interrupt_disable  zf_common_interrupt.o
    0x00005146   0x00005146   0x00000016   Code   RO          324    .text.interrupt_enable  zf_common_interrupt.o
    0x0000515c   0x0000515c   0x00000020   Code   RO          322    .text.interrupt_global_disable  zf_common_interrupt.o
    0x0000517c   0x0000517c   0x00000002   Code   RO          336    .text.interrupt_init  zf_common_interrupt.o
    0x0000517e   0x0000517e   0x0000001e   Code   RO          332    .text.interrupt_set_priority  zf_common_interrupt.o
    0x0000519c   0x0000519c   0x000000e8   Code   RO          899    .text.jy901_init    jy901.o
    0x00005284   0x00005284   0x00000190   Code   RO          901    .text.jy901_rx_callback  jy901.o
    0x00005414   0x00005414   0x000000c4   Code   RO            2    .text.main          main.o
    0x000054d8   0x000054d8   0x0000000a   Code   RO          542    .text.pit_callbakc_defalut  zf_driver_pit.o
    0x000054e2   0x000054e2   0x00000002   PAD
    0x000054e4   0x000054e4   0x00000020   Code   RO          544    .text.pit_enable    zf_driver_pit.o
    0x00005504   0x00005504   0x00000078   Code   RO          554    .text.pit_ms_init   zf_driver_pit.o
    0x0000557c   0x0000557c   0x000000f0   Code   RO          552    .text.pit_set_div   zf_driver_pit.o
    0x0000566c   0x0000566c   0x0000014c   Code   RO          550    .text.pit_us_init   zf_driver_pit.o
    0x000057b8   0x000057b8   0x00000088   Code   RO          384    .text.seekfree_assistant_interface_init  seekfree_assistant_interface.o
    0x00005840   0x00005840   0x00000098   Code   RO          362    .text.seekfree_assistant_oscilloscope_config  seekfree_assistant.o
    0x000058d8   0x000058d8   0x0000000c   Code   RO          382    .text.seekfree_assistant_receive  seekfree_assistant_interface.o
    0x000058e4   0x000058e4   0x0000000c   Code   RO          380    .text.seekfree_assistant_transfer  seekfree_assistant_interface.o
    0x000058f0   0x000058f0   0x0000007c   Code   RO          581    .text.spi_8bit_data_handler  zf_driver_spi.o
    0x0000596c   0x0000596c   0x00000070   Code   RO          615    .text.spi_transfer_8bit  zf_driver_spi.o
    0x000059dc   0x000059dc   0x00000044   Code   RO          583    .text.spi_write_8bit_array  zf_driver_spi.o
    0x00005a20   0x00005a20   0x00000002   Code   RO          428    .text.system_delay_init  zf_driver_delay.o
    0x00005a22   0x00005a22   0x00000002   PAD
    0x00005a24   0x00005a24   0x00000048   Code   RO          424    .text.system_delay_ms  zf_driver_delay.o
    0x00005a6c   0x00005a6c   0x0000003c   Code   RO          426    .text.system_delay_us  zf_driver_delay.o
    0x00005aa8   0x00005aa8   0x00000028   Code   RO          642    .text.timer_clock_enable  zf_driver_timer.o
    0x00005ad0   0x00005ad0   0x00000014   Code   RO          139    .text.timer_config_init  timer_config.o
    0x00005ae4   0x00005ae4   0x0000005c   Code   RO          640    .text.timer_funciton_check  zf_driver_timer.o
    0x00005b40   0x00005b40   0x000000cc   Code   RO          141    .text.timer_pit_callback  timer_config.o
    0x00005c0c   0x00005c0c   0x00000050   Code   RO           62    .text.uart0_init_debug  uart_config.o
    0x00005c5c   0x00005c5c   0x00000088   Code   RO           64    .text.uart0_rx_callback  uart_config.o
    0x00005ce4   0x00005ce4   0x000000b0   Code   RO           74    .text.uart1_init_camera  uart_config.o
    0x00005d94   0x00005d94   0x000000dc   Code   RO           76    .text.uart1_rx_callback  uart_config.o
    0x00005e70   0x00005e70   0x00000054   Code   RO           84    .text.uart3_init_motor  uart_config.o
    0x00005ec4   0x00005ec4   0x00000088   Code   RO           86    .text.uart3_rx_callback  uart_config.o
    0x00005f4c   0x00005f4c   0x00000044   Code   RO           90    .text.uart4_init_jy901  uart_config.o
    0x00005f90   0x00005f90   0x00000070   Code   RO           92    .text.uart5_init_grayscale  uart_config.o
    0x00006000   0x00006000   0x00000098   Code   RO           94    .text.uart5_rx_callback  uart_config.o
    0x00006098   0x00006098   0x00000054   Code   RO           98    .text.uart6_init_screen  uart_config.o
    0x000060ec   0x000060ec   0x0000006c   Code   RO          102    .text.uart6_process_data  uart_config.o
    0x00006158   0x00006158   0x000000d0   Code   RO          100    .text.uart6_rx_callback  uart_config.o
    0x00006228   0x00006228   0x0000000a   Code   RO          665    .text.uart_callbakc_defalut  zf_driver_uart.o
    0x00006232   0x00006232   0x0000001c   Code   RO          104    .text.uart_config_init  uart_config.o
    0x0000624e   0x0000624e   0x00000002   PAD
    0x00006250   0x00006250   0x0000015c   Code   RO          693    .text.uart_init     zf_driver_uart.o
    0x000063ac   0x000063ac   0x0000003c   Code   RO           70    .text.uart_printf   uart_config.o
    0x000063e8   0x000063e8   0x00000058   Code   RO          683    .text.uart_query_byte  zf_driver_uart.o
    0x00006440   0x00006440   0x0000004c   Code   RO          685    .text.uart_set_callback  zf_driver_uart.o
    0x0000648c   0x0000648c   0x0000018c   Code   RO          687    .text.uart_set_interrupt_config  zf_driver_uart.o
    0x00006618   0x00006618   0x00000060   Code   RO          673    .text.uart_write_buffer  zf_driver_uart.o
    0x00006678   0x00006678   0x0000003c   Code   RO          667    .text.uart_write_byte  zf_driver_uart.o
    0x000066b4   0x000066b4   0x00000060   Code   RO          675    .text.uart_write_string  zf_driver_uart.o
    0x00006714   0x00006714   0x0000017c   Code   RO          948    .text.wifi_spi_read_buffer  zf_device_wifi_spi.o
    0x00006890   0x00006890   0x0000011c   Code   RO          968    .text.wifi_spi_send_buffer  zf_device_wifi_spi.o
    0x000069ac   0x000069ac   0x0000005c   Code   RO          966    .text.wifi_spi_transfer_command  zf_device_wifi_spi.o
    0x00006a08   0x00006a08   0x000000a0   Code   RO          970    .text.wifi_spi_transfer_data  zf_device_wifi_spi.o
    0x00006aa8   0x00006aa8   0x00000054   Code   RO          960    .text.wifi_spi_wait_idle  zf_device_wifi_spi.o
    0x00006afc   0x00006afc   0x00000030   Code   RO         1000    .text.wireless_uart_read_buffer  zf_device_wireless_uart.o
    0x00006b2c   0x00006b2c   0x00000090   Code   RO          996    .text.wireless_uart_send_buffer  zf_device_wireless_uart.o
    0x00006bbc   0x00006bbc   0x00000030   Code   RO         2787    i.__ARM_common_ll_muluu  c_p.l(btod.o)
    0x00006bec   0x00006bec   0x0000002c   Code   RO         2762    i.__ARM_fpclassify  m_ps.l(fpclassify.o)
    0x00006c18   0x00006c18   0x00000016   Code   RO         2507    i._dgeq             fz_ps.l(dcmp.o)
    0x00006c2e   0x00006c2e   0x0000001a   Code   RO         2509    i._dleq             fz_ps.l(dcmp.o)
    0x00006c48   0x00006c48   0x00000016   Code   RO         2541    i._fls              fz_ps.l(fcmp.o)
    0x00006c5e   0x00006c5e   0x0000000e   Code   RO         2631    i._is_digit         c_p.l(__printf_wp.o)
    0x00006c6c   0x00006c6c   0x0000002c   Code   RO         2792    locale$$code        c_p.l(lc_numeric_c.o)
    0x00006c98   0x00006c98   0x0000002c   Code   RO         2822    locale$$code        c_p.l(lc_ctype_c.o)
    0x00006cc4   0x00006cc4   0x00000064   Code   RO         2666    x$fpl$dgeqf         fz_ps.l(dgef.o)
    0x00006d28   0x00006d28   0x00000064   Code   RO         2668    x$fpl$dleqf         fz_ps.l(dlef.o)
    0x00006d8c   0x00006d8c   0x0000008c   Code   RO         2531    x$fpl$fadd          fz_ps.l(faddsub.o)
    0x00006e18   0x00006e18   0x00000054   Code   RO         2674    x$fpl$fleqf         fz_ps.l(flef.o)
    0x00006e6c   0x00006e6c   0x000000b0   Code   RO         2558    x$fpl$fmul          fz_ps.l(fmul.o)
    0x00006f1c   0x00006f1c   0x000000d0   Code   RO         2533    x$fpl$fsub          fz_ps.l(faddsub.o)
    0x00006fec   0x00006fec   0x00000010   Code   RO         2676    x$fpl$printf1       fz_ps.l(printf1.o)
    0x00006ffc   0x00006ffc   0x00000010   Code   RO         2678    x$fpl$printf2       fz_ps.l(printf2.o)
    0x0000700c   0x0000700c   0x00000000   Code   RO         2684    x$fpl$usenofp       fz_ps.l(usenofp.o)
    0x0000700c   0x0000700c   0x00000080   Data   RO         2519    .constdata          fz_ps.l(ddiv.o)
    0x0000708c   0x0000708c   0x00000040   Data   RO         2550    .constdata          fz_ps.l(fdiv.o)
    0x000070cc   0x000070cc   0x00000008   Data   RO         2590    .constdata          c_p.l(_printf_wctomb.o)
    0x000070d4   0x000070d4   0x00000028   Data   RO         2619    .constdata          c_p.l(_printf_hex_int_ll_ptr.o)
    0x000070fc   0x000070fc   0x00000011   Data   RO         2639    .constdata          c_p.l(__printf_flags_ss_wp.o)
    0x0000710d   0x0000710d   0x00000026   Data   RO         2743    .constdata          c_p.l(_printf_fp_hex.o)
    0x00007133   0x00007133   0x00000001   PAD
    0x00007134   0x00007134   0x00000094   Data   RO         2782    .constdata          c_p.l(bigflt0.o)
    0x000071c8   0x000071c8   0x00000003   Data   RO         1184    .rodata.gLFCLKConfig  ti_msp_dl_config.o
    0x000071cb   0x000071cb   0x00000001   PAD
    0x000071cc   0x000071cc   0x00000028   Data   RO         1183    .rodata.gSYSPLLConfig  ti_msp_dl_config.o
    0x000071f4   0x000071f4   0x0000000c   Data   RO         1185    .rodata.gVREFConfig  ti_msp_dl_config.o
    0x00007200   0x00007200   0x0000003c   Data   RO          533    .rodata.gpio_iomux_index  zf_driver_gpio.o
    0x0000723c   0x0000723c   0x00000011   Data   RO          835    .rodata.hc595_8digit_font  zf_device_hc595_8digit.o
    0x0000724d   0x0000724d   0x00000009   Data   RO          556    .rodata.irq_index   zf_driver_pit.o
    0x00007256   0x00007256   0x0000000d   Data   RO            9    .rodata.str1.1      main.o
    0x00007263   0x00007263   0x00000064   Data   RO          112    .rodata.str1.1      uart_config.o
    0x000072c7   0x000072c7   0x00000066   Data   RO          230    .rodata.str1.1      zf_common_debug.o
    0x0000732d   0x0000732d   0x0000002b   Data   RO          261    .rodata.str1.1      zf_common_fifo.o
    0x00007358   0x00007358   0x00000033   Data   RO          370    .rodata.str1.1      seekfree_assistant.o
    0x0000738b   0x0000738b   0x0000002b   Data   RO          534    .rodata.str1.1      zf_driver_gpio.o
    0x000073b6   0x000073b6   0x0000002a   Data   RO          559    .rodata.str1.1      zf_driver_pit.o
    0x000073e0   0x000073e0   0x0000002a   Data   RO          629    .rodata.str1.1      zf_driver_spi.o
    0x0000740a   0x0000740a   0x0000002b   Data   RO          706    .rodata.str1.1      zf_driver_uart.o
    0x00007435   0x00007435   0x00000046   Data   RO          981    .rodata.str1.1      zf_device_wifi_spi.o
    0x0000747b   0x0000747b   0x00000034   Data   RO         1006    .rodata.str1.1      zf_device_wireless_uart.o
    0x000074af   0x000074af   0x00000001   PAD
    0x000074b0   0x000074b0   0x00000024   Data   RO          655    .rodata.timer_reg   zf_driver_timer.o
    0x000074d4   0x000074d4   0x00000002   Data   RO          709    .rodata.uart_init.uart_clock_config  zf_driver_uart.o
    0x000074d6   0x000074d6   0x0000000a   Data   RO          710    .rodata.uart_init.uart_default_config  zf_driver_uart.o
    0x000074e0   0x000074e0   0x00000020   Data   RO         2954    Region$$Table       anon$$obj.o
    0x00007500   0x00007500   0x0000001c   Data   RO         2791    locale$$data        c_p.l(lc_numeric_c.o)
    0x0000751c   0x0000751c   0x00000110   Data   RO         2821    locale$$data        c_p.l(lc_ctype_c.o)


    Execution Region RW_IRAM1 (Exec base: 0x20200000, Load base: 0x00007630, Size: 0x00001e68, Max: 0x00020000, ABSOLUTE, COMPRESSED[0x00000050])

    Exec Addr    Load Addr    Size         Type   Attr      Idx    E Section Name        Object

    0x20200000   COMPRESSED   0x00000044   Data   RW         2465    .TrimTable          dl_factoryregion.o
    0x20200044   COMPRESSED   0x00000004   Data   RW         2466    .data.FACTORYVALUE  dl_factoryregion.o
    0x20200048   COMPRESSED   0x00000080   Data   RW          445    .data.exti_callback_list  zf_driver_exti.o
    0x202000c8   COMPRESSED   0x00000008   Data   RW          532    .data.gpio_group    zf_driver_gpio.o
    0x202000d0   COMPRESSED   0x00000002   Data   RW          107    .data.left_speed    uart_config.o
    0x202000d2   COMPRESSED   0x00000002   PAD
    0x202000d4   COMPRESSED   0x00000024   Data   RW          558    .data.pit_callback_ptr_list  zf_driver_pit.o
    0x202000f8   COMPRESSED   0x00000002   Data   RW          108    .data.right_speed   uart_config.o
    0x202000fa   COMPRESSED   0x00000002   PAD
    0x202000fc   COMPRESSED   0x00000004   Data   RW          369    .data.seekfree_assistant_receive_callback  seekfree_assistant.o
    0x20200100   COMPRESSED   0x00000004   Data   RW          368    .data.seekfree_assistant_transfer_callback  seekfree_assistant.o
    0x20200104   COMPRESSED   0x00000008   Data   RW          632    .data.spi_list      zf_driver_spi.o
    0x2020010c   COMPRESSED   0x0000001c   Data   RW          704    .data.uart_callback_list  zf_driver_uart.o
    0x20200128   COMPRESSED   0x00000007   Data   RW          708    .data.uart_irq      zf_driver_uart.o
    0x2020012f   COMPRESSED   0x00000001   PAD
    0x20200130   COMPRESSED   0x0000001c   Data   RW          705    .data.uart_list     zf_driver_uart.o
    0x2020014c   COMPRESSED   0x00000001   Data   RW          228    .data.zf_debug_assert_enable  zf_common_debug.o
    0x2020014d   COMPRESSED   0x00000003   PAD
    0x20200150        -       0x00000060   Zero   RW         2767    .bss                c_p.l(libspace.o)
    0x202001b0        -       0x00000004   Zero   RW          931    .bss.angle_drift_offset  jy901.o
    0x202001b4        -       0x00000001   Zero   RW          927    .bss.angle_filter_count  jy901.o
    0x202001b5        -       0x00000001   Zero   RW          924    .bss.angle_filter_index  jy901.o
    0x202001b6   COMPRESSED   0x00000002   PAD
    0x202001b8        -       0x0000000c   Zero   RW          928    .bss.angle_mid_buf  jy901.o
    0x202001c4        -       0x00000001   Zero   RW          926    .bss.angle_mid_count  jy901.o
    0x202001c5        -       0x00000001   Zero   RW          925    .bss.angle_mid_index  jy901.o
    0x202001c6   COMPRESSED   0x00000002   PAD
    0x202001c8        -       0x00000004   Zero   RW          929    .bss.angle_raw      jy901.o
    0x202001cc        -       0x00000001   Zero   RW          932    .bss.angle_valid    jy901.o
    0x202001cd   COMPRESSED   0x00000003   PAD
    0x202001d0        -       0x00000028   Zero   RW          920    .bss.angle_x_buf    jy901.o
    0x202001f8        -       0x00000028   Zero   RW          921    .bss.angle_y_buf    jy901.o
    0x20200220        -       0x00000028   Zero   RW          922    .bss.angle_z_buf    jy901.o
    0x20200248        -       0x00000004   Zero   RW          930    .bss.angle_zero     jy901.o
    0x2020024c        -       0x00000002   Zero   RW          123    .bss.camera_distance  uart_config.o
    0x2020024e        -       0x00000001   Zero   RW          117    .bss.camera_mode    uart_config.o
    0x2020024f   COMPRESSED   0x00000001   PAD
    0x20200250        -       0x00000002   Zero   RW          121    .bss.camera_move_x  uart_config.o
    0x20200252        -       0x00000002   Zero   RW          122    .bss.camera_move_y  uart_config.o
    0x20200254        -       0x00000002   Zero   RW          118    .bss.camera_sequence  uart_config.o
    0x20200256        -       0x00000001   Zero   RW          124    .bss.camera_target_valid  uart_config.o
    0x20200257   COMPRESSED   0x00000001   PAD
    0x20200258        -       0x00000002   Zero   RW          119    .bss.camera_target_x  uart_config.o
    0x2020025a        -       0x00000002   Zero   RW          120    .bss.camera_target_y  uart_config.o
    0x2020025c        -       0x00000001   Zero   RW            4    .bss.circle         main.o
    0x2020025d        -       0x00000001   Zero   RW          229    .bss.debug_assert_handler.assert_nest_index  zf_common_debug.o
    0x2020025e   COMPRESSED   0x00000002   PAD
    0x20200260        -       0x00000014   Zero   RW          231    .bss.debug_output_info  zf_common_debug.o
    0x20200274        -       0x00000040   Zero   RW          232    .bss.debug_uart_buffer  zf_common_debug.o
    0x202002b4        -       0x00000001   Zero   RW          225    .bss.debug_uart_data  zf_common_debug.o
    0x202002b5        -       0x00000016   Zero   RW          226    .bss.debug_uart_fifo  zf_common_debug.o
    0x202002cb   COMPRESSED   0x00000001   PAD
    0x202002cc        -       0x00000080   Zero   RW          446    .bss.exti_callback_ptr_list  zf_driver_exti.o
    0x2020034c        -       0x00000002   Zero   RW          128    .bss.grayscale_offset  uart_config.o
    0x2020034e        -       0x00000001   Zero   RW          129    .bss.grayscale_status  uart_config.o
    0x2020034f        -       0x00000001   Zero   RW          923    .bss.gyro_filter_index  jy901.o
    0x20200350        -       0x00000028   Zero   RW          917    .bss.gyro_x_buf     jy901.o
    0x20200378        -       0x00000028   Zero   RW          918    .bss.gyro_y_buf     jy901.o
    0x202003a0        -       0x00000028   Zero   RW          919    .bss.gyro_z_buf     jy901.o
    0x202003c8        -       0x00000008   Zero   RW          832    .bss.hc595_8digit_buffer  zf_device_hc595_8digit.o
    0x202003d0        -       0x00000008   Zero   RW          833    .bss.hc595_8digit_point_buffer  zf_device_hc595_8digit.o
    0x202003d8        -       0x00000001   Zero   RW          834    .bss.hc595_8digit_scan_index  zf_device_hc595_8digit.o
    0x202003d9   COMPRESSED   0x00000003   PAD
    0x202003dc        -       0x00000004   Zero   RW          338    .bss.interrupt_nest_count  zf_common_interrupt.o
    0x202003e0        -       0x00000018   Zero   RW          916    .bss.jy901_data     jy901.o
    0x202003f8        -       0x00000020   Zero   RW          915    .bss.jy901_rx       jy901.o
    0x20200418        -       0x00000004   Zero   RW            8    .bss.main.last_send_time  main.o
    0x2020041c        -       0x00000010   Zero   RW            7    .bss.oscillocape_data  main.o
    0x2020042c        -       0x00000010   Zero   RW            6    .bss.oscilloscope_obj  main.o
    0x2020043c        -       0x00000001   Zero   RW            5    .bss.out_of_line    main.o
    0x2020043d   COMPRESSED   0x00000003   PAD
    0x20200440        -       0x00000024   Zero   RW          557    .bss.pit_callback_list  zf_driver_pit.o
    0x20200464        -       0x00000001   Zero   RW          106    .bss.state          uart_config.o
    0x20200465   COMPRESSED   0x00000003   PAD
    0x20200468        -       0x00000004   Zero   RW          145    .bss.system_timer_ms  timer_config.o
    0x2020046c        -       0x00000009   Zero   RW          654    .bss.timer_function_state  zf_driver_timer.o
    0x20200475   COMPRESSED   0x00000003   PAD
    0x20200478        -       0x00000004   Zero   RW          146    .bss.total_pulses   timer_config.o
    0x2020047c        -       0x00000104   Zero   RW          111    .bss.uart0_rx       uart_config.o
    0x20200580        -       0x00000081   Zero   RW          125    .bss.uart1_frame_buf  uart_config.o
    0x20200601        -       0x00000001   Zero   RW          115    .bss.uart1_frame_len  uart_config.o
    0x20200602        -       0x00000001   Zero   RW          116    .bss.uart1_frame_ready  uart_config.o
    0x20200603        -       0x00000104   Zero   RW          114    .bss.uart1_rx       uart_config.o
    0x20200707        -       0x00000104   Zero   RW          126    .bss.uart3_rx       uart_config.o
    0x2020080b        -       0x00000104   Zero   RW          127    .bss.uart5_rx       uart_config.o
    0x2020090f        -       0x00000104   Zero   RW          131    .bss.uart6_rx       uart_config.o
    0x20200a13   COMPRESSED   0x00000001   PAD
    0x20200a14        -       0x0000001c   Zero   RW          703    .bss.uart_callback_ptr_list  zf_driver_uart.o
    0x20200a30        -       0x00000007   Zero   RW          707    .bss.uart_interrupt_state  zf_driver_uart.o
    0x20200a37        -       0x00000016   Zero   RW          983    .bss.wifi_spi_fifo  zf_device_wifi_spi.o
    0x20200a4d        -       0x00000001   Zero   RW          982    .bss.wifi_spi_mutex  zf_device_wifi_spi.o
    0x20200a4e        -       0x00000016   Zero   RW         1007    .bss.wireless_uart_fifo  zf_device_wireless_uart.o
    0x20200a64        -       0x00000001   Zero   RW          227    .bss.zf_debug_init_flag  zf_common_debug.o
    0x20200a65   COMPRESSED   0x00000003   PAD
    0x20200a68        -       0x00000400   Zero   RW         1193    HEAP                startup_mspm0g351x_uvision.o
    0x20200e68        -       0x00001000   Zero   RW         1192    STACK               startup_mspm0g351x_uvision.o



  Load Region LR_BCR (Base: 0x41c00000, Size: 0x00000000, Max: 0x00000100, ABSOLUTE)

    Execution Region BCR_CONFIG (Exec base: 0x41c00000, Load base: 0x41c00000, Size: 0x00000000, Max: 0x000000ff, ABSOLUTE)

    **** No section assigned to this execution region ****



  Load Region LR_BSL (Base: 0x41c00100, Size: 0x00000000, Max: 0x00000100, ABSOLUTE)

    Execution Region BSL_CONFIG (Exec base: 0x41c00100, Load base: 0x41c00100, Size: 0x00000000, Max: 0x00000080, ABSOLUTE)

    **** No section assigned to this execution region ****



  Load Region LR_DATA (Base: 0x41d00000, Size: 0x00000000, Max: 0x00004000, ABSOLUTE)

    Execution Region DATA (Exec base: 0x41d00000, Load base: 0x41d00000, Size: 0x00000000, Max: 0x00004000, ABSOLUTE)

    **** No section assigned to this execution region ****


==============================================================================

Image component sizes


      Code (inc. data)   RO Data    RW Data    ZI Data      Debug   Object Name

        20          0          0          0          0        596   dl_common.o
       176         72          0         72          0       2132   dl_factoryregion.o
       808         68          0          0          0      12676   dl_sysctl_mspm0gx51x.o
       170          8          0          0          0      10698   dl_uart.o
        52          4          0          0          0       2500   dl_vref.o
      1054         92          0          0          0       6141   isr.o
       632         72          0          0        326       4916   jy901.o
       196         20         13          0         38       2763   main.o
       152          4         51          8          0       7621   seekfree_assistant.o
       160         40          0          0          0       1351   seekfree_assistant_interface.o
        48         22        192          0       5120        724   startup_mspm0g351x_uvision.o
      1022         92         55          0          0      17478   ti_msp_dl_config.o
       236         48          0          0          8       1300   timer_config.o
      1800        168        100          4       1449      12513   uart_config.o
       702        108          0          0          0      11285   zf_common_clock.o
      1336         76        102          1        109       8549   zf_common_debug.o
      2380         16         43          0          0       5710   zf_common_fifo.o
       336         20          0          0          4       3789   zf_common_interrupt.o
       536         28         17          0         17       2491   zf_device_hc595_8digit.o
      1000         32         70          0         23      10046   zf_device_wifi_spi.o
       192          8         52          0         22       4989   zf_device_wireless_uart.o
       134         16          0          0          0       1148   zf_driver_delay.o
        10          0          0        128        128       3958   zf_driver_exti.o
       990        208        103          8          0       6907   zf_driver_gpio.o
       734         60         51         36         36       6908   zf_driver_pit.o
       304         20         42          8          0      12536   zf_driver_spi.o
       132         12         36          0          9       5221   zf_driver_timer.o
      1472        108         55         63         35      12862   zf_driver_uart.o

    ----------------------------------------------------------------------
     16808       1422       1016        336       7352     179808   Object Totals
         0          0         32          0          0          0   (incl. Generated)
        24          0          2          8         28          0   (incl. Padding)

    ----------------------------------------------------------------------

      Code (inc. data)   RO Data    RW Data    ZI Data      Debug   Library Member Name

        86          0          0          0          0          0   __dczerorl2.o
         8          0          0          0          0         68   __main.o
       392          6         17          0          0         76   __printf_flags_ss_wp.o
        14          0          0          0          0         60   __printf_wp.o
         0          0          0          0          0          0   __rtentry.o
        12          0          0          0          0          0   __rtentry2.o
         6          0          0          0          0          0   __rtentry4.o
        86         10          0          0          0          0   __scatter.o
        28          0          0          0          0          0   __scatter_zi.o
        66          0          0          0          0         76   _c16rtomb.o
        10          0          0          0          0          0   _printf_a.o
        10          0          0          0          0          0   _printf_c.o
        46          0          0          0          0        100   _printf_char.o
        48          6          0          0          0         88   _printf_char_common.o
        38          0          0          0          0         60   _printf_charcount.o
        10          0          0          0          0          0   _printf_d.o
       108         18          0          0          0         76   _printf_dec.o
        10          0          0          0          0          0   _printf_e.o
        10          0          0          0          0          0   _printf_f.o
      1044         12          0          0          0        116   _printf_fp_dec.o
       728         10         38          0          0         84   _printf_fp_hex.o
       136         16          0          0          0         76   _printf_fp_infnan.o
        10          0          0          0          0          0   _printf_g.o
       152          4         40          0          0        148   _printf_hex_int_ll_ptr.o
        10          0          0          0          0          0   _printf_i.o
       176          0          0          0          0         84   _printf_intcommon.o
        10          0          0          0          0          0   _printf_l.o
        10          0          0          0          0          0   _printf_lc.o
        10          0          0          0          0          0   _printf_ll.o
        10          0          0          0          0          0   _printf_lld.o
        10          0          0          0          0          0   _printf_lli.o
        10          0          0          0          0          0   _printf_llo.o
        10          0          0          0          0          0   _printf_llu.o
        10          0          0          0          0          0   _printf_llx.o
       112         18          0          0          0         76   _printf_longlong_dec.o
        10          0          0          0          0          0   _printf_ls.o
        10          0          0          0          0          0   _printf_n.o
        10          0          0          0          0          0   _printf_o.o
       112         10          0          0          0        112   _printf_oct_int_ll.o
        10          0          0          0          0          0   _printf_p.o
        78          0          0          0          0        100   _printf_pad.o
         2          0          0          0          0          0   _printf_percent.o
         4          0          0          0          0          0   _printf_percent_end.o
        10          0          0          0          0          0   _printf_s.o
        82          0          0          0          0         72   _printf_str.o
        36          0          0          0          0         76   _printf_truncate.o
        10          0          0          0          0          0   _printf_u.o
        46          0          0          0          0        100   _printf_wchar.o
       188          6          8          0          0         80   _printf_wctomb.o
        10          0          0          0          0          0   _printf_x.o
        16          0          0          0          0         60   _snputc.o
        10          0          0          0          0         60   _sputc.o
       364          4          0          0          0         92   aeabi_sdiv.o
       216          6        148          0          0         80   bigflt0.o
      1456         30          0          0          0        336   btod.o
        16          0          0          0          0         68   exit.o
         6          0          0          0          0        136   heapauxi.o
        44         10        272          0          0         76   lc_ctype_c.o
        44         10         28          0          0         76   lc_numeric_c.o
         2          0          0          0          0          0   libinit.o
        30          0          0          0          0          0   libinit2.o
         2          0          0          0          0          0   libshutdown.o
         2          0          0          0          0          0   libshutdown2.o
         8          4          0          0         96         68   libspace.o
       122          0          0          0          0         72   lludiv10.o
        16          4          0          0          0         76   rt_ctype_table.o
         8          4          0          0          0         68   rt_locale_intlibspace.o
        64          0          0          0          0        108   rt_memclr.o
       186          0          0          0          0        144   rt_memcpy.o
         2          0          0          0          0          0   rtexit.o
        10          0          0          0          0          0   rtexit2.o
        40          0          0          0          0         60   rtudiv10.o
        44          4          0          0          0         84   sprintf.o
       136          4          0          0          0         72   strcmp.o
        68          6          0          0          0         72   strlen.o
        62          0          0          0          0         80   sys_stackheap_outer.o
        60          4          0          0          0         72   vsnprintf.o
        46          0          0          0          0         60   cmpret.o
       856         20          0          0          0        208   daddsub.o
        48          0          0          0          0        136   dcmp.o
       160          6          0          0          0         76   dcmpin.o
      1096         26        128          0          0        112   ddiv.o
       108         10          0          0          0         72   dfixi.o
        88          0          0          0          0         92   dflti.o
       100          4          0          0          0         92   dgef.o
       100          4          0          0          0         92   dlef.o
       584         26          0          0          0         84   dmul.o
        20          6          0          0          0         68   dnan2.o
       348          8          0          0          0        160   faddsub.o
        22          0          0          0          0         68   fcmp.o
       100          4          0          0          0         68   fcmpin.o
       352         10         64          0          0         92   fdiv.o
        94          0          0          0          0         92   fflti.o
        84          4          0          0          0         76   flef.o
       176          4          0          0          0         80   fmul.o
        16          6          0          0          0         68   fnan2.o
        16          4          0          0          0         76   printf1.o
        16          4          0          0          0         76   printf2.o
        94          0          0          0          0         68   retnan.o
         0          0          0          0          0          0   usenofp.o
        44          4          0          0          0         60   fpclassify.o

    ----------------------------------------------------------------------
     11684        360        744          0         96       5764   Library Totals
        28          4          1          0          0          0   (incl. Padding)

    ----------------------------------------------------------------------

      Code (inc. data)   RO Data    RW Data    ZI Data      Debug   Library Name

      7088        206        551          0         96       3688   c_p.l
      4524        146        192          0          0       2016   fz_ps.l
        44          4          0          0          0         60   m_ps.l

    ----------------------------------------------------------------------
     11684        360        744          0         96       5764   Library Totals

    ----------------------------------------------------------------------

==============================================================================


      Code (inc. data)   RO Data    RW Data    ZI Data      Debug   

     28492       1782       1760        336       7448     182244   Grand Totals
     28492       1782       1760         80       7448     182244   ELF Image Totals (compressed)
     28492       1782       1760         80          0          0   ROM Totals

==============================================================================

    Total RO  Size (Code + RO Data)                30252 (  29.54kB)
    Total RW  Size (RW Data + ZI Data)              7784 (   7.60kB)
    Total ROM Size (Code + RO Data + RW Data)      30332 (  29.62kB)

==============================================================================

