*** Using Compiler 'V6.21', folder: 'D:\Keil_v5\ARM\ARMCLANG\Bin'
Build target 'SeekFree_MSPM0G3519_Device_Library'
compiling zf_common_font.c...
compiling seekfree_assistant.c...
compiling seekfree_assistant_interface.c...
compiling zf_common_fifo.c...
compiling zf_common_function.c...
compiling zf_driver_adc.c...
compiling uart_config.c...
compiling main.c...
compiling isr.c...
compiling gimbal_control.c...
compiling timer_config.c...
compiling zf_common_clock.c...
compiling zf_common_interrupt.c...
compiling zf_common_debug.c...
compiling jy901.c...
compiling zf_device_type.c...
compiling zf_driver_delay.c...
compiling zf_driver_exti.c...
compiling zf_driver_gpio.c...
compiling zf_driver_pit.c...
compiling zf_driver_pwm.c...
compiling zf_driver_soft_iic.c...
compiling zf_driver_timer.c...
compiling zf_driver_spi.c...
compiling zf_driver_uart.c...
compiling zf_driver_flash.c...
compiling zf_driver_encoder.c...
compiling zf_device_absolute_encoder.c...
compiling zf_device_wifi_spi.c...
compiling zf_device_wifi_uart.c...
compiling dl_common.c...
compiling dl_aesadv.c...
compiling dl_aes.c...
compiling dl_adc12.c...
compiling dl_crc.c...
compiling dl_comp.c...
compiling dl_dma.c...
compiling dl_crcp.c...
compiling dl_dac12.c...
compiling zf_device_wireless_uart.c...
compiling zf_device_key.c...
compiling zf_device_stepper_motor.c...
compiling zf_device_oled.c...
compiling ti_msp_dl_config.c...
compiling dl_flashctl.c...
compiling dl_gpamp.c...
compiling dl_gpio.c...
compiling dl_i2c.c...
compiling dl_iwdt.c...
compiling dl_lcd.c...
compiling dl_keystorectl.c...
compiling dl_lfss.c...
compiling dl_mathacl.c...
compiling dl_opa.c...
compiling dl_rtc.c...
compiling dl_rtc_a.c...
compiling dl_rtc_b.c...
compiling dl_scratchpad.c...
compiling dl_rtc_common.c...
compiling dl_spi.c...
compiling dl_mcan.c...
compiling dl_tamperio.c...
compiling dl_timera.c...
compiling dl_timer.c...
compiling dl_trng.c...
compiling dl_timerg.c...
compiling dl_wwdt.c...
compiling dl_factoryregion.c...
compiling dl_vref.c...
compiling dl_uart.c...
compiling dl_sysctl_mspm0gx51x.c...
linking...
Program Size: Code=31744 RO-data=1572 RW-data=364 ZI-data=7524  
".\Objects\SeekFree_MSPM0G3519_Device_Library.axf" - 0 Error(s), 0 Warning(s).
Build Time Elapsed:  00:00:03
